Component: Arm Compiler for Embedded 6.22 Tool: armlink [5ee90200]

==============================================================================

Section Cross References

    startup_stm32c011xx.o(STACK) refers (Special) to heapauxi.o(.text) for __use_two_region_memory
    startup_stm32c011xx.o(HEAP) refers (Special) to heapauxi.o(.text) for __use_two_region_memory
    startup_stm32c011xx.o(RESET) refers (Special) to heapauxi.o(.text) for __use_two_region_memory
    startup_stm32c011xx.o(RESET) refers to startup_stm32c011xx.o(STACK) for __initial_sp
    startup_stm32c011xx.o(RESET) refers to startup_stm32c011xx.o(.text) for Reset_Handler
    startup_stm32c011xx.o(RESET) refers to stm32c0xx_it.o(.text.NMI_Handler) for NMI_Handler
    startup_stm32c011xx.o(RESET) refers to stm32c0xx_it.o(.text.HardFault_Handler) for HardFault_Handler
    startup_stm32c011xx.o(RESET) refers to stm32c0xx_it.o(.text.SVC_Handler) for SVC_Handler
    startup_stm32c011xx.o(RESET) refers to stm32c0xx_it.o(.text.PendSV_Handler) for PendSV_Handler
    startup_stm32c011xx.o(RESET) refers to stm32c0xx_it.o(.text.SysTick_Handler) for SysTick_Handler
    startup_stm32c011xx.o(RESET) refers to stm32c0xx_it.o(.text.EXTI4_15_IRQHandler) for EXTI4_15_IRQHandler
    startup_stm32c011xx.o(RESET) refers to stm32c0xx_it.o(.text.TIM3_IRQHandler) for TIM3_IRQHandler
    startup_stm32c011xx.o(RESET) refers to stm32c0xx_it.o(.text.TIM14_IRQHandler) for TIM14_IRQHandler
    startup_stm32c011xx.o(RESET) refers to stm32c0xx_it.o(.text.I2C1_IRQHandler) for I2C1_IRQHandler
    startup_stm32c011xx.o(.text) refers (Special) to heapauxi.o(.text) for __use_two_region_memory
    startup_stm32c011xx.o(.text) refers to system_stm32c0xx.o(.text.SystemInit) for SystemInit
    startup_stm32c011xx.o(.text) refers to __main.o(!!!main) for __main
    startup_stm32c011xx.o(.text) refers to startup_stm32c011xx.o(HEAP) for Heap_Mem
    startup_stm32c011xx.o(.text) refers to startup_stm32c011xx.o(STACK) for Stack_Mem
    iousart.o(.text.iouart1_TXD) refers to stm32c0xx_hal_gpio.o(.text.HAL_GPIO_WritePin) for HAL_GPIO_WritePin
    iousart.o(.ARM.exidx.text.iouart1_TXD) refers to iousart.o(.text.iouart1_TXD) for [Anonymous Symbol]
    iousart.o(.text.iouart1_RXD) refers to stm32c0xx_hal_gpio.o(.text.HAL_GPIO_ReadPin) for HAL_GPIO_ReadPin
    iousart.o(.ARM.exidx.text.iouart1_RXD) refers to iousart.o(.text.iouart1_RXD) for [Anonymous Symbol]
    iousart.o(.text.iouart1_delayUs) refers to main.o(.bss.htim1) for htim1
    iousart.o(.ARM.exidx.text.iouart1_delayUs) refers to iousart.o(.text.iouart1_delayUs) for [Anonymous Symbol]
    iousart.o(.text.iouart1_SendByte) refers to stm32c0xx_hal_gpio.o(.text.HAL_GPIO_WritePin) for HAL_GPIO_WritePin
    iousart.o(.text.iouart1_SendByte) refers to main.o(.bss.htim1) for htim1
    iousart.o(.ARM.exidx.text.iouart1_SendByte) refers to iousart.o(.text.iouart1_SendByte) for [Anonymous Symbol]
    iousart.o(.text.HAL_GPIO_EXTI_Falling_Callback) refers to stm32c0xx_hal_gpio.o(.text.HAL_GPIO_ReadPin) for HAL_GPIO_ReadPin
    iousart.o(.text.HAL_GPIO_EXTI_Falling_Callback) refers to stm32c0xx_hal_tim.o(.text.HAL_TIM_Base_Start_IT) for HAL_TIM_Base_Start_IT
    iousart.o(.text.HAL_GPIO_EXTI_Falling_Callback) refers to iousart.o(.data.recvStat) for recvStat
    iousart.o(.text.HAL_GPIO_EXTI_Falling_Callback) refers to main.o(.bss.htim3) for htim3
    iousart.o(.ARM.exidx.text.HAL_GPIO_EXTI_Falling_Callback) refers to iousart.o(.text.HAL_GPIO_EXTI_Falling_Callback) for [Anonymous Symbol]
    iousart.o(.text.HAL_TIM_PeriodElapsedCallback) refers to stm32c0xx_hal_tim.o(.text.HAL_TIM_Base_Stop_IT) for HAL_TIM_Base_Stop_IT
    iousart.o(.text.HAL_TIM_PeriodElapsedCallback) refers to stm32c0xx_hal_gpio.o(.text.HAL_GPIO_ReadPin) for HAL_GPIO_ReadPin
    iousart.o(.text.HAL_TIM_PeriodElapsedCallback) refers to main.o(.bss.htim3) for htim3
    iousart.o(.text.HAL_TIM_PeriodElapsedCallback) refers to iousart.o(.data.recvStat) for recvStat
    iousart.o(.text.HAL_TIM_PeriodElapsedCallback) refers to iousart.o(.bss.recvData) for recvData
    iousart.o(.text.HAL_TIM_PeriodElapsedCallback) refers to main.o(.bss.htim14) for htim14
    iousart.o(.text.HAL_TIM_PeriodElapsedCallback) refers to main.o(.bss..L_MergedGlobals) for tim14_n
    iousart.o(.text.HAL_TIM_PeriodElapsedCallback) refers to main.o(.bss.rxData) for rxData
    iousart.o(.ARM.exidx.text.HAL_TIM_PeriodElapsedCallback) refers to iousart.o(.text.HAL_TIM_PeriodElapsedCallback) for [Anonymous Symbol]
    ads1220.o(.text.WriteOneByte) refers to stm32c0xx_hal_gpio.o(.text.HAL_GPIO_WritePin) for HAL_GPIO_WritePin
    ads1220.o(.ARM.exidx.text.WriteOneByte) refers to ads1220.o(.text.WriteOneByte) for [Anonymous Symbol]
    ads1220.o(.text.ReadOneByte) refers to stm32c0xx_hal_gpio.o(.text.HAL_GPIO_WritePin) for HAL_GPIO_WritePin
    ads1220.o(.text.ReadOneByte) refers to stm32c0xx_hal_gpio.o(.text.HAL_GPIO_ReadPin) for HAL_GPIO_ReadPin
[...]
    __arm_cp.3_3                             0x08003044   Number         4  stm32c0xx_hal_msp.o(.text.HAL_TIM_Base_MspInit)
    [Anonymous Symbol]                       0x08003048   Section        0  stm32c0xx_hal_tim.o(.text.HAL_TIM_Base_Start_IT)
    __arm_cp.7_0                             0x08003090   Number         4  stm32c0xx_hal_tim.o(.text.HAL_TIM_Base_Start_IT)
    __arm_cp.7_1                             0x08003094   Number         4  stm32c0xx_hal_tim.o(.text.HAL_TIM_Base_Start_IT)
    __arm_cp.7_2                             0x08003098   Number         4  stm32c0xx_hal_tim.o(.text.HAL_TIM_Base_Start_IT)
    [Anonymous Symbol]                       0x0800309c   Section        0  stm32c0xx_hal_tim.o(.text.HAL_TIM_Base_Stop_IT)
    __arm_cp.8_0                             0x080030d0   Number         4  stm32c0xx_hal_tim.o(.text.HAL_TIM_Base_Stop_IT)
    __arm_cp.8_1                             0x080030d4   Number         4  stm32c0xx_hal_tim.o(.text.HAL_TIM_Base_Stop_IT)
    [Anonymous Symbol]                       0x080030d8   Section        0  stm32c0xx_hal_tim.o(.text.HAL_TIM_ConfigClockSource)
    __arm_cp.90_0                            0x0800322c   Number         4  stm32c0xx_hal_tim.o(.text.HAL_TIM_ConfigClockSource)
    __arm_cp.90_1                            0x08003230   Number         4  stm32c0xx_hal_tim.o(.text.HAL_TIM_ConfigClockSource)
    [Anonymous Symbol]                       0x08003234   Section        0  stm32c0xx_hal_tim.o(.text.HAL_TIM_IC_CaptureCallback)
    [Anonymous Symbol]                       0x08003238   Section        0  stm32c0xx_hal_tim.o(.text.HAL_TIM_IRQHandler)
    __arm_cp.67_0                            0x08003408   Number         4  stm32c0xx_hal_tim.o(.text.HAL_TIM_IRQHandler)
    [Anonymous Symbol]                       0x0800340c   Section        0  stm32c0xx_hal_tim.o(.text.HAL_TIM_OC_DelayElapsedCallback)
    [Anonymous Symbol]                       0x0800340e   Section        0  stm32c0xx_hal_tim.o(.text.HAL_TIM_PWM_PulseFinishedCallback)
    [Anonymous Symbol]                       0x08003410   Section        0  iousart.o(.text.HAL_TIM_PeriodElapsedCallback)
    __arm_cp.5_0                             0x08003488   Number         4  iousart.o(.text.HAL_TIM_PeriodElapsedCallback)
    __arm_cp.5_1                             0x0800348c   Number         4  iousart.o(.text.HAL_TIM_PeriodElapsedCallback)
    __arm_cp.5_2                             0x08003490   Number         4  iousart.o(.text.HAL_TIM_PeriodElapsedCallback)
    __arm_cp.5_3                             0x08003494   Number         4  iousart.o(.text.HAL_TIM_PeriodElapsedCallback)
    __arm_cp.5_4                             0x08003498   Number         4  iousart.o(.text.HAL_TIM_PeriodElapsedCallback)
    __arm_cp.5_5                             0x0800349c   Number         4  iousart.o(.text.HAL_TIM_PeriodElapsedCallback)
    __arm_cp.5_6                             0x080034a0   Number         4  iousart.o(.text.HAL_TIM_PeriodElapsedCallback)
    [Anonymous Symbol]                       0x080034a4   Section        0  stm32c0xx_hal_tim.o(.text.HAL_TIM_TriggerCallback)
    [Anonymous Symbol]                       0x080034a6   Section        0  stm32c0xx_it.o(.text.HardFault_Handler)
    [Anonymous Symbol]                       0x080034a8   Section        0  stm32c0xx_it.o(.text.I2C1_IRQHandler)
    __arm_cp.8_0                             0x080034c8   Number         4  stm32c0xx_it.o(.text.I2C1_IRQHandler)
    I2C_DMAAbort                             0x080034cd   Thumb Code    62  stm32c0xx_hal_i2c.o(.text.I2C_DMAAbort)
    [Anonymous Symbol]                       0x080034cc   Section        0  stm32c0xx_hal_i2c.o(.text.I2C_DMAAbort)
    I2C_ITAddrCplt                           0x0800350d   Thumb Code   152  stm32c0xx_hal_i2c.o(.text.I2C_ITAddrCplt)
    [Anonymous Symbol]                       0x0800350c   Section        0  stm32c0xx_hal_i2c.o(.text.I2C_ITAddrCplt)
    __arm_cp.70_0                            0x080035a4   Number         4  stm32c0xx_hal_i2c.o(.text.I2C_ITAddrCplt)
    I2C_ITError                              0x080035a9   Thumb Code   340  stm32c0xx_hal_i2c.o(.text.I2C_ITError)
    [Anonymous Symbol]                       0x080035a8   Section        0  stm32c0xx_hal_i2c.o(.text.I2C_ITError)
    __arm_cp.52_1                            0x080036fc   Number         4  stm32c0xx_hal_i2c.o(.text.I2C_ITError)
    __arm_cp.52_2                            0x08003700   Number         4  stm32c0xx_hal_i2c.o(.text.I2C_ITError)
    I2C_ITSlaveCplt                          0x08003705   Thumb Code   508  stm32c0xx_hal_i2c.o(.text.I2C_ITSlaveCplt)
    [Anonymous Symbol]                       0x08003704   Section        0  stm32c0xx_hal_i2c.o(.text.I2C_ITSlaveCplt)
    __arm_cp.68_0                            0x08003900   Number         4  stm32c0xx_hal_i2c.o(.text.I2C_ITSlaveCplt)
    __arm_cp.68_1                            0x08003904   Number         4  stm32c0xx_hal_i2c.o(.text.I2C_ITSlaveCplt)
    I2C_ITSlaveSeqCplt                       0x08003909   Thumb Code   124  stm32c0xx_hal_i2c.o(.text.I2C_ITSlaveSeqCplt)
    [Anonymous Symbol]                       0x08003908   Section        0  stm32c0xx_hal_i2c.o(.text.I2C_ITSlaveSeqCplt)
    I2C_Slave_ISR_IT                         0x08003985   Thumb Code   552  stm32c0xx_hal_i2c.o(.text.I2C_Slave_ISR_IT)
    [Anonymous Symbol]                       0x08003984   Section        0  stm32c0xx_hal_i2c.o(.text.I2C_Slave_ISR_IT)
    __arm_cp.16_0                            0x08003bac   Number         4  stm32c0xx_hal_i2c.o(.text.I2C_Slave_ISR_IT)
    __arm_cp.16_1                            0x08003bb0   Number         4  stm32c0xx_hal_i2c.o(.text.I2C_Slave_ISR_IT)
    __arm_cp.16_2                            0x08003bb4   Number         4  stm32c0xx_hal_i2c.o(.text.I2C_Slave_ISR_IT)
    __arm_cp.16_3                            0x08003bb8   Number         4  stm32c0xx_hal_i2c.o(.text.I2C_Slave_ISR_IT)
    [Anonymous Symbol]                       0x08003bbc   Section        0  stm32c0xx_it.o(.text.NMI_Handler)
    [Anonymous Symbol]                       0x08003bbe   Section        0  stm32c0xx_it.o(.text.PendSV_Handler)
    [Anonymous Symbol]                       0x08003bc0   Section        0  ads1220.o(.text.ReadOneByte)
    [Anonymous Symbol]                       0x08003d2a   Section        0  stm32c0xx_it.o(.text.SVC_Handler)
    [Anonymous Symbol]                       0x08003d2c   Section        0  stm32c0xx_it.o(.text.SysTick_Handler)
    [Anonymous Symbol]                       0x08003d34   Section        0  system_stm32c0xx.o(.text.SystemInit)
    __arm_cp.0_0                             0x08003d40   Number         4  system_stm32c0xx.o(.text.SystemInit)
    [Anonymous Symbol]                       0x08003d44   Section        0  stm32c0xx_it.o(.text.TIM14_IRQHandler)
    __arm_cp.7_0                             0x08003d50   Number         4  stm32c0xx_it.o(.text.TIM14_IRQHandler)
    [Anonymous Symbol]                       0x08003d54   Section        0  stm32c0xx_it.o(.text.TIM3_IRQHandler)
    __arm_cp.6_0                             0x08003d60   Number         4  stm32c0xx_it.o(.text.TIM3_IRQHandler)
    [Anonymous Symbol]                       0x08003d64   Section        0  main.o(.text.USART2_printf)
    __arm_cp.1_0                             0x08003dbc   Number         4  main.o(.text.USART2_printf)
    __arm_cp.1_1                             0x08003dc0   Number         4  main.o(.text.USART2_printf)
    [Anonymous Symbol]                       0x08003dc4   Section        0  ads1220.o(.text.WriteOneByte)
    [Anonymous Symbol]                       0x08003ef4   Section        0  pa.o(.text.find_normal)
    __arm_cp.0_0                             0x08004064   Number         4  pa.o(.text.find_normal)
    [Anonymous Symbol]                       0x08004068   Section        0  pa.o(.text.get_low_value)
    __arm_cp.2_1                             0x080043cc   Number         4  pa.o(.text.get_low_value)
    __arm_cp.2_2                             0x080043d0   Number         4  pa.o(.text.get_low_value)
    __arm_cp.2_3                             0x080043d4   Number         4  pa.o(.text.get_low_value)
    [Anonymous Symbol]                       0x080043d8   Section        0  pa.o(.text.has_plus)
    __arm_cp.1_0                             0x0800444c   Number         4  pa.o(.text.has_plus)
    __arm_cp.1_1                             0x08004450   Number         4  pa.o(.text.has_plus)
    [Anonymous Symbol]                       0x08004454   Section        0  iousart.o(.text.iouart1_SendByte)
    __arm_cp.3_0                             0x0800462c   Number         4  iousart.o(.text.iouart1_SendByte)
    [Anonymous Symbol]                       0x08004630   Section        0  main.o(.text.main)
    __arm_cp.13_27                           0x080049b8   Number         4  main.o(.text.main)
    __arm_cp.13_28                           0x080049bc   Number         4  main.o(.text.main)
    __arm_cp.13_29                           0x080049c0   Number         4  main.o(.text.main)
    __arm_cp.13_31                           0x080049c8   Number         4  main.o(.text.main)
    __arm_cp.13_32                           0x080049cc   Number         4  main.o(.text.main)
    __arm_cp.13_3                            0x08004af8   Number         4  main.o(.text.main)
    __arm_cp.13_6                            0x08004afc   Number         4  main.o(.text.main)
    __arm_cp.13_7                            0x08004b00   Number         4  main.o(.text.main)
    __arm_cp.13_8                            0x08004b04   Number         4  main.o(.text.main)
    __arm_cp.13_9                            0x08004b08   Number         4  main.o(.text.main)
    __arm_cp.13_10                           0x08004b0c   Number         4  main.o(.text.main)
    __arm_cp.13_11                           0x08004b10   Number         4  main.o(.text.main)
    __arm_cp.13_12                           0x08004b14   Number         4  main.o(.text.main)
    __arm_cp.13_13                           0x08004b18   Number         4  main.o(.text.main)
    __arm_cp.13_14                           0x08004b1c   Number         4  main.o(.text.main)
    __arm_cp.13_15                           0x08004b20   Number         4  main.o(.text.main)
    __arm_cp.13_16                           0x08004b24   Number         4  main.o(.text.main)
    __arm_cp.13_17                           0x08004b28   Number         4  main.o(.text.main)
    __arm_cp.13_18                           0x08004b2c   Number         4  main.o(.text.main)
    __arm_cp.13_19                           0x08004b30   Number         4  main.o(.text.main)
    __arm_cp.13_20                           0x08004b34   Number         4  main.o(.text.main)
    __arm_cp.13_22                           0x08004b40   Number         4  main.o(.text.main)
    __arm_cp.13_23                           0x08004b44   Number         4  main.o(.text.main)
    __arm_cp.13_24                           0x08004b48   Number         4  main.o(.text.main)
    __arm_cp.13_25                           0x08004b4c   Number         4  main.o(.text.main)
    [Anonymous Symbol]                       0x08004b60   Section        0  main.o(.text.process_cmd)
    __arm_cp.0_0                             0x08004e1c   Number         4  main.o(.text.process_cmd)
    __arm_cp.0_1                             0x08004e20   Number         4  main.o(.text.process_cmd)
    __arm_cp.0_3                             0x08004e34   Number         4  main.o(.text.process_cmd)
    __arm_cp.0_4                             0x08004e38   Number         4  main.o(.text.process_cmd)
    __arm_cp.0_5                             0x08004e3c   Number         4  main.o(.text.process_cmd)
    [Anonymous Symbol]                       0x08004e50   Section        0  main.o(.text.process_triggered)
    __arm_cp.10_0                            0x0800507c   Number         4  main.o(.text.process_triggered)
    __arm_cp.10_1                            0x08005080   Number         4  main.o(.text.process_triggered)
    __arm_cp.10_2                            0x08005084   Number         4  main.o(.text.process_triggered)
    __arm_cp.10_3                            0x08005088   Number         4  main.o(.text.process_triggered)
    __arm_cp.10_4                            0x0800508c   Number         4  main.o(.text.process_triggered)
    __arm_cp.10_5                            0x08005090   Number         4  main.o(.text.process_triggered)
    __arm_cp.10_6                            0x08005094   Number         4  main.o(.text.process_triggered)
    __arm_cp.10_7                            0x08005098   Number         4  main.o(.text.process_triggered)
    __arm_cp.10_8                            0x0800509c   Number         4  main.o(.text.process_triggered)
    .text_divfast                            0x080050a0   Section      502  aeabi_sdivfast.o(.text_divfast)
    i.__ARM_common_ll_muluu                  0x08005296   Section        0  btod.o(i.__ARM_common_ll_muluu)
    i.__ARM_fpclassify                       0x080052c8   Section        0  fpclassify.o(i.__ARM_fpclassify)
    i._is_digit                              0x080052f4   Section        0  __printf_wp.o(i._is_digit)
    locale$$code                             0x08005304   Section       44  lc_numeric_c.o(locale$$code)
    locale$$code                             0x08005330   Section       44  lc_ctype_c.o(locale$$code)
    x$fpl$printf1                            0x0800535c   Section       16  printf1.o(x$fpl$printf1)
    x$fpl$printf2                            0x0800536c   Section       16  printf2.o(x$fpl$printf2)
    initial_mbstate                          0x0800537c   Data           8  _printf_wctomb.o(.constdata)
    .constdata                               0x0800537c   Section        8  _printf_wctomb.o(.constdata)
    x$fpl$usenofp                            0x0800537c   Section        0  usenofp.o(x$fpl$usenofp)
    uc_hextab                                0x08005384   Data          20  _printf_hex_int_ll_ptr.o(.constdata)
    .constdata                               0x08005384   Section       40  _printf_hex_int_ll_ptr.o(.constdata)
    lc_hextab                                0x08005398   Data          20  _printf_hex_int_ll_ptr.o(.constdata)
    maptable                                 0x080053ac   Data          17  __printf_flags_ss_wp.o(.constdata)
    .constdata                               0x080053ac   Section       17  __printf_flags_ss_wp.o(.constdata)
    lc_hextab                                0x080053bd   Data          19  _printf_fp_hex.o(.constdata)
    .constdata                               0x080053bd   Section       38  _printf_fp_hex.o(.constdata)
    uc_hextab                                0x080053d0   Data          19  _printf_fp_hex.o(.constdata)
    tenpwrs_x                                0x080053e4   Data          60  bigflt0.o(.constdata)
    .constdata                               0x080053e4   Section      148  bigflt0.o(.constdata)
    tenpwrs_i                                0x08005420   Data          64  bigflt0.o(.constdata)
    [Anonymous Symbol]                       0x080054b8   Section        0  main.o(.rodata.str1.1)
    locale$$data                             0x080054f8   Section       28  lc_numeric_c.o(locale$$data)
    __lcnum_c_name                           0x080054fc   Data           2  lc_numeric_c.o(locale$$data)
    __lcnum_c_start                          0x08005504   Data           0  lc_numeric_c.o(locale$$data)
    __lcnum_c_point                          0x08005510   Data           0  lc_numeric_c.o(locale$$data)
    __lcnum_c_thousands                      0x08005512   Data           0  lc_numeric_c.o(locale$$data)
    __lcnum_c_grouping                       0x08005513   Data           0  lc_numeric_c.o(locale$$data)
    __lcnum_c_end                            0x08005514   Data           0  lc_numeric_c.o(locale$$data)
    locale$$data                             0x08005514   Section      272  lc_ctype_c.o(locale$$data)
    __lcctype_c_name                         0x08005518   Data           2  lc_ctype_c.o(locale$$data)
    __lcctype_c_start                        0x08005520   Data           0  lc_ctype_c.o(locale$$data)
    __lcctype_c_end                          0x08005624   Data           0  lc_ctype_c.o(locale$$data)
    [Anonymous Symbol]                       0x20000000   Section        0  stm32c0xx_hal.o(.data..L_MergedGlobals)
    .bss                                     0x20000018   Section       96  libspace.o(.bss)
    [Anonymous Symbol]                       0x20000078   Section        0  main.o(.bss..L_MergedGlobals)
    first_byte_state                         0x2000007a   Data           1  main.o(.bss..L_MergedGlobals)
    [Anonymous Symbol]                       0x200000d4   Section        0  pa.o(.bss..L_MergedGlobals)
    Heap_Mem                                 0x20000da8   Data         512  startup_stm32c011xx.o(HEAP)
    HEAP                                     0x20000da8   Section      512  startup_stm32c011xx.o(HEAP)
    Stack_Mem                                0x20000fa8   Data        1024  startup_stm32c011xx.o(STACK)
    STACK                                    0x20000fa8   Section     1024  startup_stm32c011xx.o(STACK)
    __initial_sp                             0x200013a8   Data           0  startup_stm32c011xx.o(STACK)

    Global Symbols

    Symbol Name                              Value     Ov Type        Size  Object(Section)

    BuildAttributes$$THM_ISAv3M$S$PE$A:L22$X:L11$S22$IEEE1$IW$~IW$USESV6$~STKCKD$USESV7$~SHL$OTIME$ROPI$IEEEJ$EBA8$UX$STANDARDLIB$REQ8$PRES8$EABIv2 0x00000000   Number         0  anon$$obj.o ABSOLUTE
    _printf_flags                            0x00000000   Number         0  printf_stubs.o ABSOLUTE
    _printf_return_value                     0x00000000   Number         0  printf_stubs.o ABSOLUTE
    _printf_sizespec                         0x00000000   Number         0  printf_stubs.o ABSOLUTE
    _printf_widthprec                        0x00000000   Number         0  printf_stubs.o ABSOLUTE
    __ARM_exceptions_init                     - Undefined Weak Reference
    __alloca_initialize                       - Undefined Weak Reference
    __arm_preinit_                            - Undefined Weak Reference
    __arm_relocate_pie_                       - Undefined Weak Reference
    __cpp_initialize__aeabi_                  - Undefined Weak Reference
    __cxa_finalize                            - Undefined Weak Reference
    __sigvec_lookup                           - Undefined Weak Reference
    _atexit_init                              - Undefined Weak Reference
    _call_atexit_fns                          - Undefined Weak Reference
    _clock_init                               - Undefined Weak Reference
    _fp_trap_init                             - Undefined Weak Reference
    _fp_trap_shutdown                         - Undefined Weak Reference
    _get_lc_collate                           - Undefined Weak Reference
    _get_lc_monetary                          - Undefined Weak Reference
    _get_lc_time                              - Undefined Weak Reference
    _getenv_init                              - Undefined Weak Reference
    _handle_redirection                       - Undefined Weak Reference
    _init_alloc                               - Undefined Weak Reference
    _init_user_alloc                          - Undefined Weak Reference
    _initio                                   - Undefined Weak Reference
    _printf_mbtowc                            - Undefined Weak Reference
    _printf_wc                                - Undefined Weak Reference
    _rand_init                                - Undefined Weak Reference
    _signal_finish                            - Undefined Weak Reference
    _signal_init                              - Undefined Weak Reference
    _terminate_alloc                          - Undefined Weak Reference
    _terminate_user_alloc                     - Undefined Weak Reference
    _terminateio                              - Undefined Weak Reference
    __Vectors_Size                           0x000000c0   Number         0  startup_stm32c011xx.o ABSOLUTE
    __Vectors                                0x08000000   Data           4  startup_stm32c011xx.o(RESET)
    __Vectors_End                            0x080000c0   Data           0  startup_stm32c011xx.o(RESET)
    __main                                   0x080000c1   Thumb Code     8  __main.o(!!!main)
    __scatterload                            0x080000c9   Thumb Code     0  __scatter.o(!!!scatter)
    __scatterload_rt2                        0x080000c9   Thumb Code    74  __scatter.o(!!!scatter)
    __scatterload_rt2_thumb_only             0x080000c9   Thumb Code     0  __scatter.o(!!!scatter)
    __scatterload_loop                       0x080000d3   Thumb Code     0  __scatter.o(!!!scatter)
    __scatterload_copy                       0x0800011d   Thumb Code    26  __scatter_copy.o(!!handler_copy)
    __scatterload_null                       0x08000139   Thumb Code     2  __scatter.o(!!handler_null)
    __scatterload_zeroinit                   0x0800013d   Thumb Code    28  __scatter_zi.o(!!handler_zi)
    _printf_percent                          0x08000159   Thumb Code     0  _printf_percent.o(.ARM.Collect$$_printf_percent$$00000000)
    _printf_n                                0x0800015b   Thumb Code     0  _printf_n.o(.ARM.Collect$$_printf_percent$$00000001)
    _printf_p                                0x08000165   Thumb Code     0  _printf_p.o(.ARM.Collect$$_printf_percent$$00000002)
    _printf_f                                0x0800016f   Thumb Code     0  _printf_f.o(.ARM.Collect$$_printf_percent$$00000003)
    _printf_e                                0x08000179   Thumb Code     0  _printf_e.o(.ARM.Collect$$_printf_percent$$00000004)
    _printf_g                                0x08000183   Thumb Code     0  _printf_g.o(.ARM.Collect$$_printf_percent$$00000005)
    _printf_a                                0x0800018d   Thumb Code     0  _printf_a.o(.ARM.Collect$$_printf_percent$$00000006)
    _printf_ll                               0x08000197   Thumb Code     0  _printf_ll.o(.ARM.Collect$$_printf_percent$$00000007)
    _printf_i                                0x080001a1   Thumb Code     0  _printf_i.o(.ARM.Collect$$_printf_percent$$00000008)
    _printf_d                                0x080001ab   Thumb Code     0  _printf_d.o(.ARM.Collect$$_printf_percent$$00000009)
    _printf_u                                0x080001b5   Thumb Code     0  _printf_u.o(.ARM.Collect$$_printf_percent$$0000000A)
    _printf_o                                0x080001bf   Thumb Code     0  _printf_o.o(.ARM.Collect$$_printf_percent$$0000000B)
    _printf_x                                0x080001c9   Thumb Code     0  _printf_x.o(.ARM.Collect$$_printf_percent$$0000000C)
    _printf_lli                              0x080001d3   Thumb Code     0  _printf_lli.o(.ARM.Collect$$_printf_percent$$0000000D)
    _printf_lld                              0x080001dd   Thumb Code     0  _printf_lld.o(.ARM.Collect$$_printf_percent$$0000000E)
    _printf_llu                              0x080001e7   Thumb Code     0  _printf_llu.o(.ARM.Collect$$_printf_percent$$0000000F)
    _printf_llo                              0x080001f1   Thumb Code     0  _printf_llo.o(.ARM.Collect$$_printf_percent$$00000010)
    _printf_llx                              0x080001fb   Thumb Code     0  _printf_llx.o(.ARM.Collect$$_printf_percent$$00000011)
    _printf_l                                0x08000205   Thumb Code     0  _printf_l.o(.ARM.Collect$$_printf_percent$$00000012)
    _printf_c                                0x0800020f   Thumb Code     0  _printf_c.o(.ARM.Collect$$_printf_percent$$00000013)
    _printf_s                                0x08000219   Thumb Code     0  _printf_s.o(.ARM.Collect$$_printf_percent$$00000014)
    _printf_lc                               0x08000223   Thumb Code     0  _printf_lc.o(.ARM.Collect$$_printf_percent$$00000015)
    _printf_ls                               0x0800022d   Thumb Code     0  _printf_ls.o(.ARM.Collect$$_printf_percent$$00000016)
    _printf_percent_end                      0x08000237   Thumb Code     0  _printf_percent_end.o(.ARM.Collect$$_printf_percent$$00000017)
    __rt_lib_init                            0x0800023b   Thumb Code     0  libinit.o(.ARM.Collect$$libinit$$00000000)
    __rt_lib_init_fp_1                       0x0800023d   Thumb Code     0  libinit2.o(.ARM.Collect$$libinit$$00000002)
    __rt_lib_init_heap_1                     0x0800023d   Thumb Code     0  libinit2.o(.ARM.Collect$$libinit$$0000000C)
    __rt_lib_init_lc_common                  0x0800023d   Thumb Code     0  libinit2.o(.ARM.Collect$$libinit$$00000011)
    __rt_lib_init_preinit_1                  0x0800023d   Thumb Code     0  libinit2.o(.ARM.Collect$$libinit$$00000006)
    __rt_lib_init_rand_1                     0x0800023d   Thumb Code     0  libinit2.o(.ARM.Collect$$libinit$$00000010)
    __rt_lib_init_relocate_pie_1             0x0800023d   Thumb Code     0  libinit2.o(.ARM.Collect$$libinit$$00000004)
    __rt_lib_init_user_alloc_1               0x0800023d   Thumb Code     0  libinit2.o(.ARM.Collect$$libinit$$0000000E)
    __rt_lib_init_lc_collate_1               0x08000243   Thumb Code     0  libinit2.o(.ARM.Collect$$libinit$$00000013)
    __rt_lib_init_lc_ctype_2                 0x08000243   Thumb Code     0  libinit2.o(.ARM.Collect$$libinit$$00000014)
    __rt_lib_init_lc_ctype_1                 0x0800024f   Thumb Code     0  libinit2.o(.ARM.Collect$$libinit$$00000015)
    __rt_lib_init_lc_monetary_1              0x0800024f   Thumb Code     0  libinit2.o(.ARM.Collect$$libinit$$00000017)
    __rt_lib_init_lc_numeric_2               0x0800024f   Thumb Code     0  libinit2.o(.ARM.Collect$$libinit$$00000018)
    __rt_lib_init_alloca_1                   0x08000259   Thumb Code     0  libinit2.o(.ARM.Collect$$libinit$$00000030)
    __rt_lib_init_argv_1                     0x08000259   Thumb Code     0  libinit2.o(.ARM.Collect$$libinit$$0000002E)
    __rt_lib_init_atexit_1                   0x08000259   Thumb Code     0  libinit2.o(.ARM.Collect$$libinit$$0000001D)
    __rt_lib_init_clock_1                    0x08000259   Thumb Code     0  libinit2.o(.ARM.Collect$$libinit$$00000023)
    __rt_lib_init_cpp_1                      0x08000259   Thumb Code     0  libinit2.o(.ARM.Collect$$libinit$$00000034)
    __rt_lib_init_exceptions_1               0x08000259   Thumb Code     0  libinit2.o(.ARM.Collect$$libinit$$00000032)
    __rt_lib_init_fp_trap_1                  0x08000259   Thumb Code     0  libinit2.o(.ARM.Collect$$libinit$$00000021)
    __rt_lib_init_getenv_1                   0x08000259   Thumb Code     0  libinit2.o(.ARM.Collect$$libinit$$00000025)
    __rt_lib_init_lc_numeric_1               0x08000259   Thumb Code     0  libinit2.o(.ARM.Collect$$libinit$$00000019)
    __rt_lib_init_lc_time_1                  0x08000259   Thumb Code     0  libinit2.o(.ARM.Collect$$libinit$$0000001B)
    __rt_lib_init_return                     0x08000259   Thumb Code     0  libinit2.o(.ARM.Collect$$libinit$$00000035)
    __rt_lib_init_signal_1                   0x08000259   Thumb Code     0  libinit2.o(.ARM.Collect$$libinit$$0000001F)
    __rt_lib_init_stdio_1                    0x08000259   Thumb Code     0  libinit2.o(.ARM.Collect$$libinit$$00000027)
    __rt_lib_shutdown                        0x0800025b   Thumb Code     0  libshutdown.o(.ARM.Collect$$libshutdown$$00000000)
    __rt_lib_shutdown_cpp_1                  0x0800025d   Thumb Code     0  libshutdown2.o(.ARM.Collect$$libshutdown$$00000002)
    __rt_lib_shutdown_fp_trap_1              0x0800025d   Thumb Code     0  libshutdown2.o(.ARM.Collect$$libshutdown$$00000007)
    __rt_lib_shutdown_heap_1                 0x0800025d   Thumb Code     0  libshutdown2.o(.ARM.Collect$$libshutdown$$0000000F)
    __rt_lib_shutdown_return                 0x0800025d   Thumb Code     0  libshutdown2.o(.ARM.Collect$$libshutdown$$00000010)
    __rt_lib_shutdown_signal_1               0x0800025d   Thumb Code     0  libshutdown2.o(.ARM.Collect$$libshutdown$$0000000A)
    __rt_lib_shutdown_stdio_1                0x0800025d   Thumb Code     0  libshutdown2.o(.ARM.Collect$$libshutdown$$00000004)
    __rt_lib_shutdown_user_alloc_1           0x0800025d   Thumb Code     0  libshutdown2.o(.ARM.Collect$$libshutdown$$0000000C)
    __rt_entry                               0x0800025f   Thumb Code     0  __rtentry.o(.ARM.Collect$$rtentry$$00000000)
    __rt_entry_presh_1                       0x0800025f   Thumb Code     0  __rtentry2.o(.ARM.Collect$$rtentry$$00000002)
    __rt_entry_sh                            0x0800025f   Thumb Code     0  __rtentry4.o(.ARM.Collect$$rtentry$$00000004)
    __rt_entry_li                            0x08000265   Thumb Code     0  __rtentry2.o(.ARM.Collect$$rtentry$$0000000A)
    __rt_entry_postsh_1                      0x08000265   Thumb Code     0  __rtentry2.o(.ARM.Collect$$rtentry$$00000009)
    __rt_entry_main                          0x08000269   Thumb Code     0  __rtentry2.o(.ARM.Collect$$rtentry$$0000000D)
    __rt_entry_postli_1                      0x08000269   Thumb Code     0  __rtentry2.o(.ARM.Collect$$rtentry$$0000000C)
    __rt_exit                                0x08000271   Thumb Code     0  rtexit.o(.ARM.Collect$$rtexit$$00000000)
    __rt_exit_ls                             0x08000273   Thumb Code     0  rtexit2.o(.ARM.Collect$$rtexit$$00000003)
    __rt_exit_prels_1                        0x08000273   Thumb Code     0  rtexit2.o(.ARM.Collect$$rtexit$$00000002)
    __rt_exit_exit                           0x08000277   Thumb Code     0  rtexit2.o(.ARM.Collect$$rtexit$$00000004)
    __aeabi_memcpy4                          0x0800027d   Thumb Code    56  rt_memcpy.o(.emb_text)
    __aeabi_memcpy8                          0x0800027d   Thumb Code     0  rt_memcpy.o(.emb_text)
    Reset_Handler                            0x080002b5   Thumb Code     8  startup_stm32c011xx.o(.text)
    ADC1_IRQHandler                          0x080002c7   Thumb Code     0  startup_stm32c011xx.o(.text)
    DMA1_Channel1_IRQHandler                 0x080002c7   Thumb Code     0  startup_stm32c011xx.o(.text)
    DMA1_Channel2_3_IRQHandler               0x080002c7   Thumb Code     0  startup_stm32c011xx.o(.text)
    DMAMUX1_IRQHandler                       0x080002c7   Thumb Code     0  startup_stm32c011xx.o(.text)
    EXTI0_1_IRQHandler                       0x080002c7   Thumb Code     0  startup_stm32c011xx.o(.text)
    EXTI2_3_IRQHandler                       0x080002c7   Thumb Code     0  startup_stm32c011xx.o(.text)
    FLASH_IRQHandler                         0x080002c7   Thumb Code     0  startup_stm32c011xx.o(.text)
    RCC_IRQHandler                           0x080002c7   Thumb Code     0  startup_stm32c011xx.o(.text)
    RTC_IRQHandler                           0x080002c7   Thumb Code     0  startup_stm32c011xx.o(.text)
    SPI1_IRQHandler                          0x080002c7   Thumb Code     0  startup_stm32c011xx.o(.text)
    TIM16_IRQHandler                         0x080002c7   Thumb Code     0  startup_stm32c011xx.o(.text)
    TIM17_IRQHandler                         0x080002c7   Thumb Code     0  startup_stm32c011xx.o(.text)
    TIM1_BRK_UP_TRG_COM_IRQHandler           0x080002c7   Thumb Code     0  startup_stm32c011xx.o(.text)
    TIM1_CC_IRQHandler                       0x080002c7   Thumb Code     0  startup_stm32c011xx.o(.text)
    USART1_IRQHandler                        0x080002c7   Thumb Code     0  startup_stm32c011xx.o(.text)
    USART2_IRQHandler                        0x080002c7   Thumb Code     0  startup_stm32c011xx.o(.text)
    WWDG_IRQHandler                          0x080002c7   Thumb Code     0  startup_stm32c011xx.o(.text)
    __user_initial_stackheap                 0x080002c9   Thumb Code     0  startup_stm32c011xx.o(.text)
    vsprintf                                 0x080002ed   Thumb Code    32  vsprintf.o(.text)
    strlen                                   0x08000311   Thumb Code    62  strlen.o(.text)
    _memset_w                                0x08000355   Thumb Code    26  rt_memclr.o(.text)
    _memset                                  0x0800036f   Thumb Code    30  rt_memclr.o(.text)
    __aeabi_memclr                           0x0800038d   Thumb Code     4  rt_memclr.o(.text)
    __rt_memclr                              0x0800038d   Thumb Code     0  rt_memclr.o(.text)
    __aeabi_memclr4                          0x08000391   Thumb Code     0  rt_memclr.o(.text)
    __aeabi_memclr8                          0x08000391   Thumb Code     0  rt_memclr.o(.text)
    __rt_memclr_w                            0x08000391   Thumb Code     4  rt_memclr.o(.text)
    __aeabi_uidivmod                         0x08000395   Thumb Code    28  aeabi_sdivfast.o(.text)
    __aeabi_idivmod                          0x080003b1   Thumb Code   472  aeabi_sdivfast.o(.text)
    __use_two_region_memory                  0x0800058d   Thumb Code     2  heapauxi.o(.text)
    __rt_heap_escrow$2region                 0x0800058f   Thumb Code     2  heapauxi.o(.text)
    __rt_heap_expand$2region                 0x08000591   Thumb Code     2  heapauxi.o(.text)
    _printf_pre_padding                      0x08000593   Thumb Code    44  _printf_pad.o(.text)
    _printf_post_padding                     0x080005bf   Thumb Code    34  _printf_pad.o(.text)
    _printf_truncate_signed                  0x080005e1   Thumb Code    18  _printf_truncate.o(.text)
    _printf_truncate_unsigned                0x080005f3   Thumb Code    18  _printf_truncate.o(.text)
    _printf_str                              0x08000605   Thumb Code    82  _printf_str.o(.text)
    _printf_int_dec                          0x08000659   Thumb Code    90  _printf_dec.o(.text)
    _printf_charcount                        0x080006c5   Thumb Code    38  _printf_charcount.o(.text)
    _printf_char_common                      0x080006f7   Thumb Code    32  _printf_char_common.o(.text)
    _sputc                                   0x0800071d   Thumb Code    10  _sputc.o(.text)
    _printf_wctomb                           0x08000729   Thumb Code   182  _printf_wctomb.o(.text)
    _printf_longlong_dec                     0x080007e5   Thumb Code    94  _printf_longlong_dec.o(.text)
    _printf_longlong_oct                     0x08000855   Thumb Code    68  _printf_oct_int_ll.o(.text)
    _printf_int_oct                          0x08000899   Thumb Code    24  _printf_oct_int_ll.o(.text)
    _printf_ll_oct                           0x080008b1   Thumb Code    10  _printf_oct_int_ll.o(.text)
    _printf_longlong_hex                     0x080008c5   Thumb Code    88  _printf_hex_int_ll_ptr.o(.text)
    _printf_int_hex                          0x0800091d   Thumb Code    28  _printf_hex_int_ll_ptr.o(.text)
    _printf_ll_hex                           0x08000939   Thumb Code    10  _printf_hex_int_ll_ptr.o(.text)
    _printf_hex_ptr                          0x08000943   Thumb Code    22  _printf_hex_int_ll_ptr.o(.text)
    __printf                                 0x0800095d   Thumb Code   386  __printf_flags_ss_wp.o(.text)
    _ll_udiv10                               0x08000ae5   Thumb Code   122  lludiv10.o(.text)
    _printf_int_common                       0x08000b5f   Thumb Code   176  _printf_intcommon.o(.text)
    _printf_fp_dec_real                      0x08000dad   Thumb Code   620  _printf_fp_dec.o(.text)
    _printf_fp_hex_real                      0x08001025   Thumb Code   718  _printf_fp_hex.o(.text)
    _printf_cs_common                        0x080012fd   Thumb Code    22  _printf_char.o(.text)
    _printf_char                             0x08001313   Thumb Code    16  _printf_char.o(.text)
    _printf_string                           0x08001323   Thumb Code     8  _printf_char.o(.text)
    _printf_lcs_common                       0x0800132b   Thumb Code    22  _printf_wchar.o(.text)
    _printf_wchar                            0x08001341   Thumb Code    16  _printf_wchar.o(.text)
    _printf_wstring                          0x08001351   Thumb Code     8  _printf_wchar.o(.text)
    _c16rtomb                                0x08001359   Thumb Code    66  _c16rtomb.o(.text)
    _wcrtomb                                 0x08001359   Thumb Code     0  _c16rtomb.o(.text)
    __rt_udiv10                              0x0800139b   Thumb Code    40  rtudiv10.o(.text)
    __user_setup_stackheap                   0x080013c3   Thumb Code    62  sys_stackheap_outer.o(.text)
    __rt_ctype_table                         0x08001401   Thumb Code    16  rt_ctype_table.o(.text)
    __rt_locale                              0x08001411   Thumb Code     8  rt_locale_intlibspace.o(.text)
    _printf_fp_infnan                        0x08001419   Thumb Code   120  _printf_fp_infnan.o(.text)
    _btod_etento                             0x080014a1   Thumb Code   210  bigflt0.o(.text)
    _btod_d2e                                0x08001579   Thumb Code    64  btod.o(.text)
    _btod_emul                               0x080019ad   Thumb Code    28  btod.o(.text)
    _btod_emuld                              0x080019c9   Thumb Code   144  btod.o(.text)
    _btod_ediv                               0x08001a59   Thumb Code    26  btod.o(.text)
    _btod_edivd                              0x08001a73   Thumb Code   124  btod.o(.text)
    exit                                     0x08001af9   Thumb Code    16  exit.o(.text)
    __user_libspace                          0x08001b09   Thumb Code     8  libspace.o(.text)
    __user_perproc_libspace                  0x08001b09   Thumb Code     0  libspace.o(.text)
    __user_perthread_libspace                0x08001b09   Thumb Code     0  libspace.o(.text)
    strcmp                                   0x08001b11   Thumb Code   176  strcmpv6m.o(.text)
    _sys_exit                                0x08001bc1   Thumb Code     8  sys_exit.o(.text)
    __I$use$semihosting                      0x08001bcd   Thumb Code     0  use_no_semi.o(.text)
    __use_no_semihosting_swi                 0x08001bcd   Thumb Code     2  use_no_semi.o(.text)
    ADS1220_Init                             0x08001bcf   Thumb Code   112  ads1220.o(.text.ADS1220_Init)
    __semihosting_library_function           0x08001bcf   Thumb Code     0  indicate_semi.o(.text)
    CofigAD                                  0x08001c41   Thumb Code   132  ads1220.o(.text.CofigAD)
    EXTI4_15_IRQHandler                      0x08001cd1   Thumb Code    12  stm32c0xx_it.o(.text.EXTI4_15_IRQHandler)
    Error_Handler                            0x08001cdd   Thumb Code     4  main.o(.text.Error_Handler)
    FLASH_WaitForLastOperation               0x08001ce1   Thumb Code    76  stm32c0xx_hal_flash.o(.text.FLASH_WaitForLastOperation)
    GetAD                                    0x08001d35   Thumb Code   136  ads1220.o(.text.GetAD)
    HAL_DMA_Abort_IT                         0x08001dc5   Thumb Code   116  stm32c0xx_hal_dma.o(.text.HAL_DMA_Abort_IT)
    HAL_DMA_GetState                         0x08001e41   Thumb Code     6  stm32c0xx_hal_dma.o(.text.HAL_DMA_GetState)
    HAL_FLASHEx_OBGetConfig                  0x08001e49   Thumb Code   168  stm32c0xx_hal_flash_ex.o(.text.HAL_FLASHEx_OBGetConfig)
    HAL_FLASHEx_OBProgram                    0x08001ef9   Thumb Code   356  stm32c0xx_hal_flash_ex.o(.text.HAL_FLASHEx_OBProgram)
    HAL_FLASH_Lock                           0x0800206d   Thumb Code    20  stm32c0xx_hal_flash.o(.text.HAL_FLASH_Lock)
    HAL_FLASH_OB_Launch                      0x08002081   Thumb Code    16  stm32c0xx_hal_flash.o(.text.HAL_FLASH_OB_Launch)
    HAL_FLASH_OB_Lock                        0x08002091   Thumb Code    24  stm32c0xx_hal_flash.o(.text.HAL_FLASH_OB_Lock)
    HAL_FLASH_OB_Unlock                      0x080020ad   Thumb Code    28  stm32c0xx_hal_flash.o(.text.HAL_FLASH_OB_Unlock)
    HAL_FLASH_Unlock                         0x080020d5   Thumb Code    28  stm32c0xx_hal_flash.o(.text.HAL_FLASH_Unlock)
    HAL_GPIO_EXTI_Falling_Callback           0x080020fd   Thumb Code    44  iousart.o(.text.HAL_GPIO_EXTI_Falling_Callback)
    HAL_GPIO_EXTI_IRQHandler                 0x08002131   Thumb Code    36  stm32c0xx_hal_gpio.o(.text.HAL_GPIO_EXTI_IRQHandler)
    HAL_GPIO_EXTI_Rising_Callback            0x08002159   Thumb Code     2  stm32c0xx_hal_gpio.o(.text.HAL_GPIO_EXTI_Rising_Callback)
    HAL_GPIO_Init                            0x0800215d   Thumb Code   388  stm32c0xx_hal_gpio.o(.text.HAL_GPIO_Init)
    HAL_GPIO_ReadPin                         0x080022f5   Thumb Code    10  stm32c0xx_hal_gpio.o(.text.HAL_GPIO_ReadPin)
    HAL_GPIO_WritePin                        0x080022ff   Thumb Code    16  stm32c0xx_hal_gpio.o(.text.HAL_GPIO_WritePin)
    HAL_GetTick                              0x08002311   Thumb Code     8  stm32c0xx_hal.o(.text.HAL_GetTick)
    HAL_I2CEx_ConfigAnalogFilter             0x0800231d   Thumb Code    66  stm32c0xx_hal_i2c_ex.o(.text.HAL_I2CEx_ConfigAnalogFilter)
    HAL_I2CEx_ConfigDigitalFilter            0x0800235f   Thumb Code    66  stm32c0xx_hal_i2c_ex.o(.text.HAL_I2CEx_ConfigDigitalFilter)
    HAL_I2C_AbortCpltCallback                0x080023a1   Thumb Code     2  stm32c0xx_hal_i2c.o(.text.HAL_I2C_AbortCpltCallback)
    HAL_I2C_AddrCallback                     0x080023a5   Thumb Code    56  main.o(.text.HAL_I2C_AddrCallback)
    HAL_I2C_ER_IRQHandler                    0x080023dd   Thumb Code   130  stm32c0xx_hal_i2c.o(.text.HAL_I2C_ER_IRQHandler)
    HAL_I2C_EV_IRQHandler                    0x0800245f   Thumb Code    18  stm32c0xx_hal_i2c.o(.text.HAL_I2C_EV_IRQHandler)
    HAL_I2C_EnableListen_IT                  0x08002471   Thumb Code    40  stm32c0xx_hal_i2c.o(.text.HAL_I2C_EnableListen_IT)
    HAL_I2C_ErrorCallback                    0x08002499   Thumb Code     2  stm32c0xx_hal_i2c.o(.text.HAL_I2C_ErrorCallback)
    HAL_I2C_Init                             0x0800249d   Thumb Code   172  stm32c0xx_hal_i2c.o(.text.HAL_I2C_Init)
    HAL_I2C_ListenCpltCallback               0x0800254d   Thumb Code    24  main.o(.text.HAL_I2C_ListenCpltCallback)
    HAL_I2C_MspInit                          0x08002565   Thumb Code   140  stm32c0xx_hal_msp.o(.text.HAL_I2C_MspInit)
    HAL_I2C_SlaveRxCpltCallback              0x080025f9   Thumb Code    52  main.o(.text.HAL_I2C_SlaveRxCpltCallback)
    HAL_I2C_SlaveTxCpltCallback              0x0800262d   Thumb Code    40  main.o(.text.HAL_I2C_SlaveTxCpltCallback)
    HAL_I2C_Slave_Seq_Receive_IT             0x0800265d   Thumb Code   244  stm32c0xx_hal_i2c.o(.text.HAL_I2C_Slave_Seq_Receive_IT)
    HAL_I2C_Slave_Seq_Transmit_IT            0x08002751   Thumb Code   236  stm32c0xx_hal_i2c.o(.text.HAL_I2C_Slave_Seq_Transmit_IT)
    HAL_IncTick                              0x08002849   Thumb Code    16  stm32c0xx_hal.o(.text.HAL_IncTick)
    HAL_Init                                 0x0800285d   Thumb Code    24  stm32c0xx_hal.o(.text.HAL_Init)
    HAL_InitTick                             0x08002875   Thumb Code    64  stm32c0xx_hal.o(.text.HAL_InitTick)
    HAL_MspInit                              0x080028b9   Thumb Code    40  stm32c0xx_hal_msp.o(.text.HAL_MspInit)
    HAL_NVIC_EnableIRQ                       0x080028e5   Thumb Code    20  stm32c0xx_hal_cortex.o(.text.HAL_NVIC_EnableIRQ)
    HAL_NVIC_SetPriority                     0x080028fd   Thumb Code    48  stm32c0xx_hal_cortex.o(.text.HAL_NVIC_SetPriority)
    HAL_RCCEx_PeriphCLKConfig                0x08002935   Thumb Code   292  stm32c0xx_hal_rcc_ex.o(.text.HAL_RCCEx_PeriphCLKConfig)
    HAL_RCC_ClockConfig                      0x08002a61   Thumb Code   416  stm32c0xx_hal_rcc.o(.text.HAL_RCC_ClockConfig)
    HAL_RCC_OscConfig                        0x08002c19   Thumb Code   580  stm32c0xx_hal_rcc.o(.text.HAL_RCC_OscConfig)
    HAL_SYSTICK_Config                       0x08002e71   Thumb Code    40  stm32c0xx_hal_cortex.o(.text.HAL_SYSTICK_Config)
    HAL_TIMEx_Break2Callback                 0x08002ea5   Thumb Code     2  stm32c0xx_hal_tim_ex.o(.text.HAL_TIMEx_Break2Callback)
    HAL_TIMEx_BreakCallback                  0x08002ea7   Thumb Code     2  stm32c0xx_hal_tim_ex.o(.text.HAL_TIMEx_BreakCallback)
    HAL_TIMEx_CommutCallback                 0x08002ea9   Thumb Code     2  stm32c0xx_hal_tim_ex.o(.text.HAL_TIMEx_CommutCallback)
    HAL_TIMEx_MasterConfigSynchronization    0x08002ead   Thumb Code    88  stm32c0xx_hal_tim_ex.o(.text.HAL_TIMEx_MasterConfigSynchronization)
    HAL_TIM_Base_Init                        0x08002f05   Thumb Code   188  stm32c0xx_hal_tim.o(.text.HAL_TIM_Base_Init)
    HAL_TIM_Base_MspInit                     0x08002fcd   Thumb Code   116  stm32c0xx_hal_msp.o(.text.HAL_TIM_Base_MspInit)
    HAL_TIM_Base_Start_IT                    0x08003049   Thumb Code    72  stm32c0xx_hal_tim.o(.text.HAL_TIM_Base_Start_IT)
    HAL_TIM_Base_Stop_IT                     0x0800309d   Thumb Code    52  stm32c0xx_hal_tim.o(.text.HAL_TIM_Base_Stop_IT)
    HAL_TIM_ConfigClockSource                0x080030d9   Thumb Code   340  stm32c0xx_hal_tim.o(.text.HAL_TIM_ConfigClockSource)
    HAL_TIM_IC_CaptureCallback               0x08003235   Thumb Code     2  stm32c0xx_hal_tim.o(.text.HAL_TIM_IC_CaptureCallback)
    HAL_TIM_IRQHandler                       0x08003239   Thumb Code   464  stm32c0xx_hal_tim.o(.text.HAL_TIM_IRQHandler)
    HAL_TIM_OC_DelayElapsedCallback          0x0800340d   Thumb Code     2  stm32c0xx_hal_tim.o(.text.HAL_TIM_OC_DelayElapsedCallback)
    HAL_TIM_PWM_PulseFinishedCallback        0x0800340f   Thumb Code     2  stm32c0xx_hal_tim.o(.text.HAL_TIM_PWM_PulseFinishedCallback)
    HAL_TIM_PeriodElapsedCallback            0x08003411   Thumb Code   120  iousart.o(.text.HAL_TIM_PeriodElapsedCallback)
    HAL_TIM_TriggerCallback                  0x080034a5   Thumb Code     2  stm32c0xx_hal_tim.o(.text.HAL_TIM_TriggerCallback)
    HardFault_Handler                        0x080034a7   Thumb Code     2  stm32c0xx_it.o(.text.HardFault_Handler)
    I2C1_IRQHandler                          0x080034a9   Thumb Code    32  stm32c0xx_it.o(.text.I2C1_IRQHandler)
    NMI_Handler                              0x08003bbd   Thumb Code     2  stm32c0xx_it.o(.text.NMI_Handler)
    PendSV_Handler                           0x08003bbf   Thumb Code     2  stm32c0xx_it.o(.text.PendSV_Handler)
    ReadOneByte                              0x08003bc1   Thumb Code   362  ads1220.o(.text.ReadOneByte)
    SVC_Handler                              0x08003d2b   Thumb Code     2  stm32c0xx_it.o(.text.SVC_Handler)
    SysTick_Handler                          0x08003d2d   Thumb Code     8  stm32c0xx_it.o(.text.SysTick_Handler)
    SystemInit                               0x08003d35   Thumb Code    12  system_stm32c0xx.o(.text.SystemInit)
    TIM14_IRQHandler                         0x08003d45   Thumb Code    12  stm32c0xx_it.o(.text.TIM14_IRQHandler)
    TIM3_IRQHandler                          0x08003d55   Thumb Code    12  stm32c0xx_it.o(.text.TIM3_IRQHandler)
    USART2_printf                            0x08003d65   Thumb Code    88  main.o(.text.USART2_printf)
    WriteOneByte                             0x08003dc5   Thumb Code   304  ads1220.o(.text.WriteOneByte)
    find_normal                              0x08003ef5   Thumb Code   368  pa.o(.text.find_normal)
    get_low_value                            0x08004069   Thumb Code   868  pa.o(.text.get_low_value)
    has_plus                                 0x080043d9   Thumb Code   116  pa.o(.text.has_plus)
    iouart1_SendByte                         0x08004455   Thumb Code   472  iousart.o(.text.iouart1_SendByte)
    main                                     0x08004631   Thumb Code  1224  main.o(.text.main)
    process_cmd                              0x08004b61   Thumb Code   700  main.o(.text.process_cmd)
    process_triggered                        0x08004e51   Thumb Code   556  main.o(.text.process_triggered)
    __aeabi_uidiv                            0x080050a1   Thumb Code    68  aeabi_sdivfast.o(.text_divfast)
    __aeabi_idiv                             0x080050e5   Thumb Code   434  aeabi_sdivfast.o(.text_divfast)
    __ARM_common_ll_muluu                    0x08005297   Thumb Code    48  btod.o(i.__ARM_common_ll_muluu)
    __ARM_fpclassify                         0x080052c9   Thumb Code    40  fpclassify.o(i.__ARM_fpclassify)
    _is_digit                                0x080052f5   Thumb Code    14  __printf_wp.o(i._is_digit)
    _get_lc_numeric                          0x08005305   Thumb Code    44  lc_numeric_c.o(locale$$code)
    _get_lc_ctype                            0x08005331   Thumb Code    44  lc_ctype_c.o(locale$$code)
    _printf_fp_dec                           0x0800535d   Thumb Code    16  printf1.o(x$fpl$printf1)
    _printf_fp_hex                           0x0800536d   Thumb Code    16  printf2.o(x$fpl$printf2)
    __I$use$fp                               0x0800537c   Number         0  usenofp.o(x$fpl$usenofp)
    AHBPrescTable                            0x08005478   Data          64  system_stm32c0xx.o(.rodata.AHBPrescTable)
    Region$$Table$$Base                      0x080054d8   Number         0  anon$$obj.o(Region$$Table)
    Region$$Table$$Limit                     0x080054f8   Number         0  anon$$obj.o(Region$$Table)
    __ctype                                  0x08005521   Data           0  lc_ctype_c.o(locale$$data)
    uwTickFreq                               0x20000000   Data           1  stm32c0xx_hal.o(.data..L_MergedGlobals)
    uwTickPrio                               0x20000004   Data           4  stm32c0xx_hal.o(.data..L_MergedGlobals)
    SystemCoreClock                          0x20000008   Data           4  system_stm32c0xx.o(.data.SystemCoreClock)
    recvStat                                 0x2000000c   Data           1  iousart.o(.data.recvStat)
    threshold                                0x20000010   Data           4  pa.o(.data.threshold)
    __libspace_start                         0x20000018   Data          96  libspace.o(.bss)
    __temporary_stack_top$libspace           0x20000078   Data           0  libspace.o(.bss)
    status_clk_old                           0x20000078   Data           1  main.o(.bss..L_MergedGlobals)
    pa_list                                  0x20000079   Data           1  main.o(.bss..L_MergedGlobals)
    offset                                   0x2000007b   Data           1  main.o(.bss..L_MergedGlobals)
    r_index                                  0x2000007c   Data           4  main.o(.bss..L_MergedGlobals)
    re_index                                 0x20000080   Data           4  main.o(.bss..L_MergedGlobals)
    re_end                                   0x20000084   Data           4  main.o(.bss..L_MergedGlobals)
    normal_z                                 0x20000088   Data           4  main.o(.bss..L_MergedGlobals)
    tim14_n                                  0x2000008c   Data           4  main.o(.bss..L_MergedGlobals)
    end_z                                    0x20000090   Data           4  main.o(.bss..L_MergedGlobals)
    ram_i2c                                  0x20000094   Data           4  main.o(.bss..L_MergedGlobals)
    edge                                     0x20000098   Data           4  main.o(.bss..L_MergedGlobals)
    R_CMD                                    0x2000009c   Data          54  main.o(.bss..L_MergedGlobals)
    normal                                   0x200000d4   Data           4  pa.o(.bss..L_MergedGlobals)
    low_count                                0x200000d8   Data           4  pa.o(.bss..L_MergedGlobals)
    H_left                                   0x200000dc   Data           4  pa.o(.bss..L_MergedGlobals)
    L_left                                   0x200000e0   Data           4  pa.o(.bss..L_MergedGlobals)
    H_right                                  0x200000e4   Data           4  pa.o(.bss..L_MergedGlobals)
    L_right                                  0x200000e8   Data           4  pa.o(.bss..L_MergedGlobals)
    H_left_value                             0x200000ec   Data           4  pa.o(.bss..L_MergedGlobals)
    L_left_value                             0x200000f0   Data           4  pa.o(.bss..L_MergedGlobals)
    H_right_value                            0x200000f4   Data           4  pa.o(.bss..L_MergedGlobals)
    L_right_value                            0x200000f8   Data           4  pa.o(.bss..L_MergedGlobals)
    k_left                                   0x200000fc   Data           4  pa.o(.bss..L_MergedGlobals)
    k_right                                  0x20000100   Data           4  pa.o(.bss..L_MergedGlobals)
    i                                        0x20000104   Data           4  pa.o(.bss..L_MergedGlobals)
    Init_Config                              0x20000108   Data           4  ads1220.o(.bss.Init_Config)
    PolarFlag                                0x2000010c   Data           1  ads1220.o(.bss.PolarFlag)
    hi2c1                                    0x20000110   Data          84  main.o(.bss.hi2c1)
    htim1                                    0x20000164   Data          76  main.o(.bss.htim1)
    htim14                                   0x200001b0   Data          76  main.o(.bss.htim14)
    htim3                                    0x200001fc   Data          76  main.o(.bss.htim3)
    low_data                                 0x20000248   Data         512  pa.o(.bss.low_data)
    pFlash                                   0x20000448   Data          24  stm32c0xx_hal_flash.o(.bss.pFlash)
    pa_result                                0x20000460   Data         128  main.o(.bss.pa_result)
    raw_dat                                  0x200004e0   Data        2048  main.o(.bss.raw_dat)
    recvData                                 0x20000ce0   Data           1  iousart.o(.bss.recvData)
    rxData                                   0x20000ce4   Data          64  main.o(.bss.rxData)
    usart_txBuff                             0x20000d24   Data         128  main.o(.bss.usart_txBuff)
    uwTick                                   0x20000da4   Data           4  stm32c0xx_hal.o(.bss.uwTick)



==============================================================================

Memory Map of the image

  Image Entry point : 0x080000c1

  Load Region LR_IROM1 (Base: 0x08000000, Size: 0x00005640, Max: 0x00008000, ABSOLUTE)

    Execution Region ER_IROM1 (Exec base: 0x08000000, Load base: 0x08000000, Size: 0x00005624, Max: 0x00008000, ABSOLUTE)

    Exec Addr    Load Addr    Size         Type   Attr      Idx    E Section Name        Object

    0x08000000   0x08000000   0x000000c0   Data   RO            3    RESET               startup_stm32c011xx.o
    0x080000c0   0x080000c0   0x00000008   Code   RO         1125  * !!!main             c_p.l(__main.o)
    0x080000c8   0x080000c8   0x00000054   Code   RO         1458    !!!scatter          c_p.l(__scatter.o)
    0x0800011c   0x0800011c   0x0000001a   Code   RO         1462    !!handler_copy      c_p.l(__scatter_copy.o)
    0x08000136   0x08000136   0x00000002   PAD
    0x08000138   0x08000138   0x00000002   Code   RO         1459    !!handler_null      c_p.l(__scatter.o)
    0x0800013a   0x0800013a   0x00000002   PAD
    0x0800013c   0x0800013c   0x0000001c   Code   RO         1464    !!handler_zi        c_p.l(__scatter_zi.o)
    0x08000158   0x08000158   0x00000002   Code   RO         1213    .ARM.Collect$$_printf_percent$$00000000  c_p.l(_printf_percent.o)
    0x0800015a   0x0800015a   0x0000000a   Code   RO         1202    .ARM.Collect$$_printf_percent$$00000001  c_p.l(_printf_n.o)
    0x08000164   0x08000164   0x0000000a   Code   RO         1204    .ARM.Collect$$_printf_percent$$00000002  c_p.l(_printf_p.o)
    0x0800016e   0x0800016e   0x0000000a   Code   RO         1209    .ARM.Collect$$_printf_percent$$00000003  c_p.l(_printf_f.o)
    0x08000178   0x08000178   0x0000000a   Code   RO         1210    .ARM.Collect$$_printf_percent$$00000004  c_p.l(_printf_e.o)
    0x08000182   0x08000182   0x0000000a   Code   RO         1211    .ARM.Collect$$_printf_percent$$00000005  c_p.l(_printf_g.o)
    0x0800018c   0x0800018c   0x0000000a   Code   RO         1212    .ARM.Collect$$_printf_percent$$00000006  c_p.l(_printf_a.o)
    0x08000196   0x08000196   0x0000000a   Code   RO         1217    .ARM.Collect$$_printf_percent$$00000007  c_p.l(_printf_ll.o)
    0x080001a0   0x080001a0   0x0000000a   Code   RO         1206    .ARM.Collect$$_printf_percent$$00000008  c_p.l(_printf_i.o)
    0x080001aa   0x080001aa   0x0000000a   Code   RO         1207    .ARM.Collect$$_printf_percent$$00000009  c_p.l(_printf_d.o)
    0x080001b4   0x080001b4   0x0000000a   Code   RO         1208    .ARM.Collect$$_printf_percent$$0000000A  c_p.l(_printf_u.o)
    0x080001be   0x080001be   0x0000000a   Code   RO         1205    .ARM.Collect$$_printf_percent$$0000000B  c_p.l(_printf_o.o)
    0x080001c8   0x080001c8   0x0000000a   Code   RO         1203    .ARM.Collect$$_printf_percent$$0000000C  c_p.l(_printf_x.o)
    0x080001d2   0x080001d2   0x0000000a   Code   RO         1214    .ARM.Collect$$_printf_percent$$0000000D  c_p.l(_printf_lli.o)
    0x080001dc   0x080001dc   0x0000000a   Code   RO         1215    .ARM.Collect$$_printf_percent$$0000000E  c_p.l(_printf_lld.o)
    0x080001e6   0x080001e6   0x0000000a   Code   RO         1216    .ARM.Collect$$_printf_percent$$0000000F  c_p.l(_printf_llu.o)
    0x080001f0   0x080001f0   0x0000000a   Code   RO         1221    .ARM.Collect$$_printf_percent$$00000010  c_p.l(_printf_llo.o)
    0x080001fa   0x080001fa   0x0000000a   Code   RO         1222    .ARM.Collect$$_printf_percent$$00000011  c_p.l(_printf_llx.o)
    0x08000204   0x08000204   0x0000000a   Code   RO         1218    .ARM.Collect$$_printf_percent$$00000012  c_p.l(_printf_l.o)
    0x0800020e   0x0800020e   0x0000000a   Code   RO         1200    .ARM.Collect$$_printf_percent$$00000013  c_p.l(_printf_c.o)
    0x08000218   0x08000218   0x0000000a   Code   RO         1201    .ARM.Collect$$_printf_percent$$00000014  c_p.l(_printf_s.o)
    0x08000222   0x08000222   0x0000000a   Code   RO         1219    .ARM.Collect$$_printf_percent$$00000015  c_p.l(_printf_lc.o)
    0x0800022c   0x0800022c   0x0000000a   Code   RO         1220    .ARM.Collect$$_printf_percent$$00000016  c_p.l(_printf_ls.o)
    0x08000236   0x08000236   0x00000004   Code   RO         1265    .ARM.Collect$$_printf_percent$$00000017  c_p.l(_printf_percent_end.o)
    0x0800023a   0x0800023a   0x00000002   Code   RO         1305    .ARM.Collect$$libinit$$00000000  c_p.l(libinit.o)
    0x0800023c   0x0800023c   0x00000000   Code   RO         1331    .ARM.Collect$$libinit$$00000002  c_p.l(libinit2.o)
    0x0800023c   0x0800023c   0x00000000   Code   RO         1333    .ARM.Collect$$libinit$$00000004  c_p.l(libinit2.o)
    0x0800023c   0x0800023c   0x00000000   Code   RO         1335    .ARM.Collect$$libinit$$00000006  c_p.l(libinit2.o)
    0x0800023c   0x0800023c   0x00000000   Code   RO         1338    .ARM.Collect$$libinit$$0000000C  c_p.l(libinit2.o)
    0x0800023c   0x0800023c   0x00000000   Code   RO         1340    .ARM.Collect$$libinit$$0000000E  c_p.l(libinit2.o)
    0x0800023c   0x0800023c   0x00000000   Code   RO         1342    .ARM.Collect$$libinit$$00000010  c_p.l(libinit2.o)
    0x0800023c   0x0800023c   0x00000006   Code   RO         1343    .ARM.Collect$$libinit$$00000011  c_p.l(libinit2.o)
    0x08000242   0x08000242   0x00000000   Code   RO         1345    .ARM.Collect$$libinit$$00000013  c_p.l(libinit2.o)
    0x08000242   0x08000242   0x0000000c   Code   RO         1346    .ARM.Collect$$libinit$$00000014  c_p.l(libinit2.o)
    0x0800024e   0x0800024e   0x00000000   Code   RO         1347    .ARM.Collect$$libinit$$00000015  c_p.l(libinit2.o)
    0x0800024e   0x0800024e   0x00000000   Code   RO         1349    .ARM.Collect$$libinit$$00000017  c_p.l(libinit2.o)
    0x0800024e   0x0800024e   0x0000000a   Code   RO         1350    .ARM.Collect$$libinit$$00000018  c_p.l(libinit2.o)
    0x08000258   0x08000258   0x00000000   Code   RO         1351    .ARM.Collect$$libinit$$00000019  c_p.l(libinit2.o)
    0x08000258   0x08000258   0x00000000   Code   RO         1353    .ARM.Collect$$libinit$$0000001B  c_p.l(libinit2.o)
    0x08000258   0x08000258   0x00000000   Code   RO         1355    .ARM.Collect$$libinit$$0000001D  c_p.l(libinit2.o)
    0x08000258   0x08000258   0x00000000   Code   RO         1357    .ARM.Collect$$libinit$$0000001F  c_p.l(libinit2.o)
    0x08000258   0x08000258   0x00000000   Code   RO         1359    .ARM.Collect$$libinit$$00000021  c_p.l(libinit2.o)
    0x08000258   0x08000258   0x00000000   Code   RO         1361    .ARM.Collect$$libinit$$00000023  c_p.l(libinit2.o)
    0x08000258   0x08000258   0x00000000   Code   RO         1363    .ARM.Collect$$libinit$$00000025  c_p.l(libinit2.o)
    0x08000258   0x08000258   0x00000000   Code   RO         1365    .ARM.Collect$$libinit$$00000027  c_p.l(libinit2.o)
    0x08000258   0x08000258   0x00000000   Code   RO         1369    .ARM.Collect$$libinit$$0000002E  c_p.l(libinit2.o)
    0x08000258   0x08000258   0x00000000   Code   RO         1371    .ARM.Collect$$libinit$$00000030  c_p.l(libinit2.o)
    0x08000258   0x08000258   0x00000000   Code   RO         1373    .ARM.Collect$$libinit$$00000032  c_p.l(libinit2.o)
    0x08000258   0x08000258   0x00000000   Code   RO         1375    .ARM.Collect$$libinit$$00000034  c_p.l(libinit2.o)
    0x08000258   0x08000258   0x00000002   Code   RO         1376    .ARM.Collect$$libinit$$00000035  c_p.l(libinit2.o)
    0x0800025a   0x0800025a   0x00000002   Code   RO         1413    .ARM.Collect$$libshutdown$$00000000  c_p.l(libshutdown.o)
    0x0800025c   0x0800025c   0x00000000   Code   RO         1441    .ARM.Collect$$libshutdown$$00000002  c_p.l(libshutdown2.o)
    0x0800025c   0x0800025c   0x00000000   Code   RO         1443    .ARM.Collect$$libshutdown$$00000004  c_p.l(libshutdown2.o)
    0x0800025c   0x0800025c   0x00000000   Code   RO         1446    .ARM.Collect$$libshutdown$$00000007  c_p.l(libshutdown2.o)
    0x0800025c   0x0800025c   0x00000000   Code   RO         1449    .ARM.Collect$$libshutdown$$0000000A  c_p.l(libshutdown2.o)
    0x0800025c   0x0800025c   0x00000000   Code   RO         1451    .ARM.Collect$$libshutdown$$0000000C  c_p.l(libshutdown2.o)
    0x0800025c   0x0800025c   0x00000000   Code   RO         1454    .ARM.Collect$$libshutdown$$0000000F  c_p.l(libshutdown2.o)
    0x0800025c   0x0800025c   0x00000002   Code   RO         1455    .ARM.Collect$$libshutdown$$00000010  c_p.l(libshutdown2.o)
    0x0800025e   0x0800025e   0x00000000   Code   RO         1127    .ARM.Collect$$rtentry$$00000000  c_p.l(__rtentry.o)
    0x0800025e   0x0800025e   0x00000000   Code   RO         1232    .ARM.Collect$$rtentry$$00000002  c_p.l(__rtentry2.o)
    0x0800025e   0x0800025e   0x00000006   Code   RO         1244    .ARM.Collect$$rtentry$$00000004  c_p.l(__rtentry4.o)
    0x08000264   0x08000264   0x00000000   Code   RO         1234    .ARM.Collect$$rtentry$$00000009  c_p.l(__rtentry2.o)
    0x08000264   0x08000264   0x00000004   Code   RO         1235    .ARM.Collect$$rtentry$$0000000A  c_p.l(__rtentry2.o)
    0x08000268   0x08000268   0x00000000   Code   RO         1237    .ARM.Collect$$rtentry$$0000000C  c_p.l(__rtentry2.o)
    0x08000268   0x08000268   0x00000008   Code   RO         1238    .ARM.Collect$$rtentry$$0000000D  c_p.l(__rtentry2.o)
    0x08000270   0x08000270   0x00000002   Code   RO         1315    .ARM.Collect$$rtexit$$00000000  c_p.l(rtexit.o)
    0x08000272   0x08000272   0x00000000   Code   RO         1382    .ARM.Collect$$rtexit$$00000002  c_p.l(rtexit2.o)
    0x08000272   0x08000272   0x00000004   Code   RO         1383    .ARM.Collect$$rtexit$$00000003  c_p.l(rtexit2.o)
    0x08000276   0x08000276   0x00000006   Code   RO         1384    .ARM.Collect$$rtexit$$00000004  c_p.l(rtexit2.o)
    0x0800027c   0x0800027c   0x00000038   Code   RO         1109    .emb_text           c_p.l(rt_memcpy.o)
    0x080002b4   0x080002b4   0x00000038   Code   RO            4    .text               startup_stm32c011xx.o
    0x080002ec   0x080002ec   0x00000024   Code   RO         1105    .text               c_p.l(vsprintf.o)
    0x08000310   0x08000310   0x00000044   Code   RO         1107    .text               c_p.l(strlen.o)
    0x08000354   0x08000354   0x00000040   Code   RO         1113    .text               c_p.l(rt_memclr.o)
    0x08000394   0x08000394   0x000001f8   Code   RO         1115    .text               c_p.l(aeabi_sdivfast.o)
    0x0800058c   0x0800058c   0x00000006   Code   RO         1123    .text               c_p.l(heapauxi.o)
    0x08000592   0x08000592   0x0000004e   Code   RO         1134    .text               c_p.l(_printf_pad.o)
    0x080005e0   0x080005e0   0x00000024   Code   RO         1136    .text               c_p.l(_printf_truncate.o)
    0x08000604   0x08000604   0x00000052   Code   RO         1138    .text               c_p.l(_printf_str.o)
    0x08000656   0x08000656   0x00000002   PAD
    0x08000658   0x08000658   0x0000006c   Code   RO         1140    .text               c_p.l(_printf_dec.o)
    0x080006c4   0x080006c4   0x00000026   Code   RO         1142    .text               c_p.l(_printf_charcount.o)
    0x080006ea   0x080006ea   0x00000002   PAD
    0x080006ec   0x080006ec   0x00000030   Code   RO         1144    .text               c_p.l(_printf_char_common.o)
    0x0800071c   0x0800071c   0x0000000a   Code   RO         1146    .text               c_p.l(_sputc.o)
    0x08000726   0x08000726   0x00000002   PAD
    0x08000728   0x08000728   0x000000bc   Code   RO         1148    .text               c_p.l(_printf_wctomb.o)
    0x080007e4   0x080007e4   0x00000070   Code   RO         1151    .text               c_p.l(_printf_longlong_dec.o)
    0x08000854   0x08000854   0x00000070   Code   RO         1157    .text               c_p.l(_printf_oct_int_ll.o)
    0x080008c4   0x080008c4   0x00000098   Code   RO         1177    .text               c_p.l(_printf_hex_int_ll_ptr.o)
    0x0800095c   0x0800095c   0x00000188   Code   RO         1197    .text               c_p.l(__printf_flags_ss_wp.o)
    0x08000ae4   0x08000ae4   0x0000007a   Code   RO         1248    .text               c_p.l(lludiv10.o)
    0x08000b5e   0x08000b5e   0x000000b0   Code   RO         1250    .text               c_p.l(_printf_intcommon.o)
    0x08000c0e   0x08000c0e   0x00000002   PAD
    0x08000c10   0x08000c10   0x00000414   Code   RO         1252    .text               c_p.l(_printf_fp_dec.o)
    0x08001024   0x08001024   0x000002d8   Code   RO         1256    .text               c_p.l(_printf_fp_hex.o)
    0x080012fc   0x080012fc   0x0000002e   Code   RO         1261    .text               c_p.l(_printf_char.o)
    0x0800132a   0x0800132a   0x0000002e   Code   RO         1263    .text               c_p.l(_printf_wchar.o)
    0x08001358   0x08001358   0x00000042   Code   RO         1266    .text               c_p.l(_c16rtomb.o)
    0x0800139a   0x0800139a   0x00000028   Code   RO         1268    .text               c_p.l(rtudiv10.o)
    0x080013c2   0x080013c2   0x0000003e   Code   RO         1270    .text               c_p.l(sys_stackheap_outer.o)
    0x08001400   0x08001400   0x00000010   Code   RO         1273    .text               c_p.l(rt_ctype_table.o)
    0x08001410   0x08001410   0x00000008   Code   RO         1278    .text               c_p.l(rt_locale_intlibspace.o)
    0x08001418   0x08001418   0x00000088   Code   RO         1280    .text               c_p.l(_printf_fp_infnan.o)
    0x080014a0   0x080014a0   0x000000d8   Code   RO         1282    .text               c_p.l(bigflt0.o)
    0x08001578   0x08001578   0x00000580   Code   RO         1285    .text               c_p.l(btod.o)
    0x08001af8   0x08001af8   0x00000010   Code   RO         1294    .text               c_p.l(exit.o)
    0x08001b08   0x08001b08   0x00000008   Code   RO         1311    .text               c_p.l(libspace.o)
    0x08001b10   0x08001b10   0x000000b0   Code   RO         1328    .text               c_p.l(strcmpv6m.o)
    0x08001bc0   0x08001bc0   0x0000000c   Code   RO         1377    .text               c_p.l(sys_exit.o)
    0x08001bcc   0x08001bcc   0x00000002   Code   RO         1402    .text               c_p.l(use_no_semi.o)
    0x08001bce   0x08001bce   0x00000000   Code   RO         1404    .text               c_p.l(indicate_semi.o)
    0x08001bce   0x08001bce   0x00000070   Code   RO           51    .text.ADS1220_Init  ads1220.o
    0x08001c3e   0x08001c3e   0x00000002   PAD
    0x08001c40   0x08001c40   0x00000090   Code   RO           49    .text.CofigAD       ads1220.o
    0x08001cd0   0x08001cd0   0x0000000c   Code   RO          135    .text.EXTI4_15_IRQHandler  stm32c0xx_it.o
    0x08001cdc   0x08001cdc   0x00000004   Code   RO           99    .text.Error_Handler  main.o
    0x08001ce0   0x08001ce0   0x00000054   Code   RO          332    .text.FLASH_WaitForLastOperation  stm32c0xx_hal_flash.o
    0x08001d34   0x08001d34   0x00000090   Code   RO           53    .text.GetAD         ads1220.o
    0x08001dc4   0x08001dc4   0x0000007c   Code   RO          431    .text.HAL_DMA_Abort_IT  stm32c0xx_hal_dma.o
    0x08001e40   0x08001e40   0x00000006   Code   RO          441    .text.HAL_DMA_GetState  stm32c0xx_hal_dma.o
    0x08001e46   0x08001e46   0x00000002   PAD
    0x08001e48   0x08001e48   0x000000b0   Code   RO          371    .text.HAL_FLASHEx_OBGetConfig  stm32c0xx_hal_flash_ex.o
    0x08001ef8   0x08001ef8   0x00000174   Code   RO          369    .text.HAL_FLASHEx_OBProgram  stm32c0xx_hal_flash_ex.o
    0x0800206c   0x0800206c   0x00000014   Code   RO          344    .text.HAL_FLASH_Lock  stm32c0xx_hal_flash.o
    0x08002080   0x08002080   0x00000010   Code   RO          350    .text.HAL_FLASH_OB_Launch  stm32c0xx_hal_flash.o
    0x08002090   0x08002090   0x0000001c   Code   RO          348    .text.HAL_FLASH_OB_Lock  stm32c0xx_hal_flash.o
    0x080020ac   0x080020ac   0x00000028   Code   RO          346    .text.HAL_FLASH_OB_Unlock  stm32c0xx_hal_flash.o
    0x080020d4   0x080020d4   0x00000028   Code   RO          342    .text.HAL_FLASH_Unlock  stm32c0xx_hal_flash.o
    0x080020fc   0x080020fc   0x00000034   Code   RO           19    .text.HAL_GPIO_EXTI_Falling_Callback  iousart.o
    0x08002130   0x08002130   0x00000028   Code   RO          407    .text.HAL_GPIO_EXTI_IRQHandler  stm32c0xx_hal_gpio.o
    0x08002158   0x08002158   0x00000002   Code   RO          409    .text.HAL_GPIO_EXTI_Rising_Callback  stm32c0xx_hal_gpio.o
    0x0800215a   0x0800215a   0x00000002   PAD
    0x0800215c   0x0800215c   0x00000198   Code   RO          393    .text.HAL_GPIO_Init  stm32c0xx_hal_gpio.o
    0x080022f4   0x080022f4   0x0000000a   Code   RO          397    .text.HAL_GPIO_ReadPin  stm32c0xx_hal_gpio.o
    0x080022fe   0x080022fe   0x00000010   Code   RO          399    .text.HAL_GPIO_WritePin  stm32c0xx_hal_gpio.o
    0x0800230e   0x0800230e   0x00000002   PAD
    0x08002310   0x08002310   0x0000000c   Code   RO          180    .text.HAL_GetTick   stm32c0xx_hal.o
    0x0800231c   0x0800231c   0x00000042   Code   RO          711    .text.HAL_I2CEx_ConfigAnalogFilter  stm32c0xx_hal_i2c_ex.o
    0x0800235e   0x0800235e   0x00000042   Code   RO          713    .text.HAL_I2CEx_ConfigDigitalFilter  stm32c0xx_hal_i2c_ex.o
    0x080023a0   0x080023a0   0x00000002   Code   RO          683    .text.HAL_I2C_AbortCpltCallback  stm32c0xx_hal_i2c.o
    0x080023a2   0x080023a2   0x00000002   PAD
    0x080023a4   0x080023a4   0x00000038   Code   RO           77    .text.HAL_I2C_AddrCallback  main.o
    0x080023dc   0x080023dc   0x00000082   Code   RO          661    .text.HAL_I2C_ER_IRQHandler  stm32c0xx_hal_i2c.o
    0x0800245e   0x0800245e   0x00000012   Code   RO          659    .text.HAL_I2C_EV_IRQHandler  stm32c0xx_hal_i2c.o
    0x08002470   0x08002470   0x00000028   Code   RO          653    .text.HAL_I2C_EnableListen_IT  stm32c0xx_hal_i2c.o
    0x08002498   0x08002498   0x00000002   Code   RO          681    .text.HAL_I2C_ErrorCallback  stm32c0xx_hal_i2c.o
    0x0800249a   0x0800249a   0x00000002   PAD
    0x0800249c   0x0800249c   0x000000b0   Code   RO          559    .text.HAL_I2C_Init  stm32c0xx_hal_i2c.o
    0x0800254c   0x0800254c   0x00000018   Code   RO           75    .text.HAL_I2C_ListenCpltCallback  main.o
    0x08002564   0x08002564   0x00000094   Code   RO          152    .text.HAL_I2C_MspInit  stm32c0xx_hal_msp.o
    0x080025f8   0x080025f8   0x00000034   Code   RO           79    .text.HAL_I2C_SlaveRxCpltCallback  main.o
    0x0800262c   0x0800262c   0x00000030   Code   RO           81    .text.HAL_I2C_SlaveTxCpltCallback  main.o
    0x0800265c   0x0800265c   0x000000f4   Code   RO          649    .text.HAL_I2C_Slave_Seq_Receive_IT  stm32c0xx_hal_i2c.o
    0x08002750   0x08002750   0x000000f8   Code   RO          643    .text.HAL_I2C_Slave_Seq_Transmit_IT  stm32c0xx_hal_i2c.o
    0x08002848   0x08002848   0x00000014   Code   RO          178    .text.HAL_IncTick   stm32c0xx_hal.o
    0x0800285c   0x0800285c   0x00000018   Code   RO          168    .text.HAL_Init      stm32c0xx_hal.o
    0x08002874   0x08002874   0x00000044   Code   RO          170    .text.HAL_InitTick  stm32c0xx_hal.o
    0x080028b8   0x080028b8   0x0000002c   Code   RO          150    .text.HAL_MspInit   stm32c0xx_hal_msp.o
    0x080028e4   0x080028e4   0x00000018   Code   RO          238    .text.HAL_NVIC_EnableIRQ  stm32c0xx_hal_cortex.o
    0x080028fc   0x080028fc   0x00000038   Code   RO          236    .text.HAL_NVIC_SetPriority  stm32c0xx_hal_cortex.o
    0x08002934   0x08002934   0x0000012c   Code   RO          312    .text.HAL_RCCEx_PeriphCLKConfig  stm32c0xx_hal_rcc_ex.o
    0x08002a60   0x08002a60   0x000001b8   Code   RO          278    .text.HAL_RCC_ClockConfig  stm32c0xx_hal_rcc.o
    0x08002c18   0x08002c18   0x00000258   Code   RO          276    .text.HAL_RCC_OscConfig  stm32c0xx_hal_rcc.o
    0x08002e70   0x08002e70   0x00000034   Code   RO          244    .text.HAL_SYSTICK_Config  stm32c0xx_hal_cortex.o
    0x08002ea4   0x08002ea4   0x00000002   Code   RO         1048    .text.HAL_TIMEx_Break2Callback  stm32c0xx_hal_tim_ex.o
    0x08002ea6   0x08002ea6   0x00000002   Code   RO         1046    .text.HAL_TIMEx_BreakCallback  stm32c0xx_hal_tim_ex.o
    0x08002ea8   0x08002ea8   0x00000002   Code   RO         1042    .text.HAL_TIMEx_CommutCallback  stm32c0xx_hal_tim_ex.o
    0x08002eaa   0x08002eaa   0x00000002   PAD
    0x08002eac   0x08002eac   0x00000058   Code   RO         1026    .text.HAL_TIMEx_MasterConfigSynchronization  stm32c0xx_hal_tim_ex.o
    0x08002f04   0x08002f04   0x000000c8   Code   RO          731    .text.HAL_TIM_Base_Init  stm32c0xx_hal_tim.o
    0x08002fcc   0x08002fcc   0x0000007c   Code   RO          156    .text.HAL_TIM_Base_MspInit  stm32c0xx_hal_msp.o
    0x08003048   0x08003048   0x00000054   Code   RO          745    .text.HAL_TIM_Base_Start_IT  stm32c0xx_hal_tim.o
    0x0800309c   0x0800309c   0x0000003c   Code   RO          747    .text.HAL_TIM_Base_Stop_IT  stm32c0xx_hal_tim.o
    0x080030d8   0x080030d8   0x0000015c   Code   RO          911    .text.HAL_TIM_ConfigClockSource  stm32c0xx_hal_tim.o
    0x08003234   0x08003234   0x00000002   Code   RO          867    .text.HAL_TIM_IC_CaptureCallback  stm32c0xx_hal_tim.o
    0x08003236   0x08003236   0x00000002   PAD
    0x08003238   0x08003238   0x000001d4   Code   RO          865    .text.HAL_TIM_IRQHandler  stm32c0xx_hal_tim.o
    0x0800340c   0x0800340c   0x00000002   Code   RO          869    .text.HAL_TIM_OC_DelayElapsedCallback  stm32c0xx_hal_tim.o
    0x0800340e   0x0800340e   0x00000002   Code   RO          871    .text.HAL_TIM_PWM_PulseFinishedCallback  stm32c0xx_hal_tim.o
    0x08003410   0x08003410   0x00000094   Code   RO           21    .text.HAL_TIM_PeriodElapsedCallback  iousart.o
    0x080034a4   0x080034a4   0x00000002   Code   RO          875    .text.HAL_TIM_TriggerCallback  stm32c0xx_hal_tim.o
    0x080034a6   0x080034a6   0x00000002   Code   RO          127    .text.HardFault_Handler  stm32c0xx_it.o
    0x080034a8   0x080034a8   0x00000024   Code   RO          141    .text.I2C1_IRQHandler  stm32c0xx_it.o
    0x080034cc   0x080034cc   0x0000003e   Code   RO          645    .text.I2C_DMAAbort  stm32c0xx_hal_i2c.o
    0x0800350a   0x0800350a   0x00000002   PAD
    0x0800350c   0x0800350c   0x0000009c   Code   RO          699    .text.I2C_ITAddrCplt  stm32c0xx_hal_i2c.o
    0x080035a8   0x080035a8   0x0000015c   Code   RO          663    .text.I2C_ITError   stm32c0xx_hal_i2c.o
    0x08003704   0x08003704   0x00000204   Code   RO          695    .text.I2C_ITSlaveCplt  stm32c0xx_hal_i2c.o
    0x08003908   0x08003908   0x0000007c   Code   RO          697    .text.I2C_ITSlaveSeqCplt  stm32c0xx_hal_i2c.o
    0x08003984   0x08003984   0x00000238   Code   RO          591    .text.I2C_Slave_ISR_IT  stm32c0xx_hal_i2c.o
    0x08003bbc   0x08003bbc   0x00000002   Code   RO          125    .text.NMI_Handler   stm32c0xx_it.o
    0x08003bbe   0x08003bbe   0x00000002   Code   RO          131    .text.PendSV_Handler  stm32c0xx_it.o
    0x08003bc0   0x08003bc0   0x0000016a   Code   RO           35    .text.ReadOneByte   ads1220.o
    0x08003d2a   0x08003d2a   0x00000002   Code   RO          129    .text.SVC_Handler   stm32c0xx_it.o
    0x08003d2c   0x08003d2c   0x00000008   Code   RO          133    .text.SysTick_Handler  stm32c0xx_it.o
    0x08003d34   0x08003d34   0x00000010   Code   RO         1062    .text.SystemInit    system_stm32c0xx.o
    0x08003d44   0x08003d44   0x00000010   Code   RO          139    .text.TIM14_IRQHandler  stm32c0xx_it.o
    0x08003d54   0x08003d54   0x00000010   Code   RO          137    .text.TIM3_IRQHandler  stm32c0xx_it.o
    0x08003d64   0x08003d64   0x00000060   Code   RO           71    .text.USART2_printf  main.o
    0x08003dc4   0x08003dc4   0x00000130   Code   RO           33    .text.WriteOneByte  ads1220.o
    0x08003ef4   0x08003ef4   0x00000174   Code   RO         1077    .text.find_normal   pa.lib(pa.o)
    0x08004068   0x08004068   0x00000370   Code   RO         1081    .text.get_low_value  pa.lib(pa.o)
    0x080043d8   0x080043d8   0x0000007c   Code   RO         1079    .text.has_plus      pa.lib(pa.o)
    0x08004454   0x08004454   0x000001dc   Code   RO           17    .text.iouart1_SendByte  iousart.o
    0x08004630   0x08004630   0x00000530   Code   RO           95    .text.main          main.o
    0x08004b60   0x08004b60   0x000002f0   Code   RO           69    .text.process_cmd   main.o
    0x08004e50   0x08004e50   0x00000250   Code   RO           89    .text.process_triggered  main.o
    0x080050a0   0x080050a0   0x000001f6   Code   RO         1116    .text_divfast       c_p.l(aeabi_sdivfast.o)
    0x08005296   0x08005296   0x00000030   Code   RO         1287    i.__ARM_common_ll_muluu  c_p.l(btod.o)
    0x080052c6   0x080052c6   0x00000002   PAD
    0x080052c8   0x080052c8   0x0000002c   Code   RO         1309    i.__ARM_fpclassify  m_ps.l(fpclassify.o)
    0x080052f4   0x080052f4   0x0000000e   Code   RO         1190    i._is_digit         c_p.l(__printf_wp.o)
    0x08005302   0x08005302   0x00000002   PAD
    0x08005304   0x08005304   0x0000002c   Code   RO         1292    locale$$code        c_p.l(lc_numeric_c.o)
    0x08005330   0x08005330   0x0000002c   Code   RO         1322    locale$$code        c_p.l(lc_ctype_c.o)
    0x0800535c   0x0800535c   0x00000010   Code   RO         1223    x$fpl$printf1       fz_ps.l(printf1.o)
    0x0800536c   0x0800536c   0x00000010   Code   RO         1225    x$fpl$printf2       fz_ps.l(printf2.o)
    0x0800537c   0x0800537c   0x00000000   Code   RO         1308    x$fpl$usenofp       fz_ps.l(usenofp.o)
    0x0800537c   0x0800537c   0x00000008   Data   RO         1149    .constdata          c_p.l(_printf_wctomb.o)
    0x08005384   0x08005384   0x00000028   Data   RO         1178    .constdata          c_p.l(_printf_hex_int_ll_ptr.o)
    0x080053ac   0x080053ac   0x00000011   Data   RO         1198    .constdata          c_p.l(__printf_flags_ss_wp.o)
    0x080053bd   0x080053bd   0x00000026   Data   RO         1257    .constdata          c_p.l(_printf_fp_hex.o)
    0x080053e3   0x080053e3   0x00000001   PAD
    0x080053e4   0x080053e4   0x00000094   Data   RO         1283    .constdata          c_p.l(bigflt0.o)
    0x08005478   0x08005478   0x00000040   Data   RO         1067    .rodata.AHBPrescTable  system_stm32c0xx.o
    0x080054b8   0x080054b8   0x00000020   Data   RO          105    .rodata.str1.1      main.o
    0x080054d8   0x080054d8   0x00000020   Data   RO         1457    Region$$Table       anon$$obj.o
    0x080054f8   0x080054f8   0x0000001c   Data   RO         1291    locale$$data        c_p.l(lc_numeric_c.o)
    0x08005514   0x08005514   0x00000110   Data   RO         1321    locale$$data        c_p.l(lc_ctype_c.o)


    Execution Region RW_IRAM1 (Exec base: 0x20000000, Load base: 0x08005628, Size: 0x000013a8, Max: 0x00001800, ABSOLUTE)

    Exec Addr    Load Addr    Size         Type   Attr      Idx    E Section Name        Object

    0x20000000   0x08005628   0x00000008   Data   RW          227    .data..L_MergedGlobals  stm32c0xx_hal.o
    0x20000008   0x08005630   0x00000004   Data   RW         1066    .data.SystemCoreClock  system_stm32c0xx.o
    0x2000000c   0x08005634   0x00000001   Data   RW           24    .data.recvStat      iousart.o
    0x2000000d   0x08005635   0x00000003   PAD
    0x20000010   0x08005638   0x00000004   Data   RW         1083    .data.threshold     pa.lib(pa.o)
    0x20000014   0x0800563c   0x00000004   PAD
    0x20000018        -       0x00000060   Zero   RW         1312    .bss                c_p.l(libspace.o)
    0x20000078        -       0x0000005a   Zero   RW          116    .bss..L_MergedGlobals  main.o
    0x200000d2   0x0800563c   0x00000002   PAD
    0x200000d4        -       0x00000034   Zero   RW         1095    .bss..L_MergedGlobals  pa.lib(pa.o)
    0x20000108        -       0x00000004   Zero   RW           55    .bss.Init_Config    ads1220.o
    0x2000010c        -       0x00000001   Zero   RW           56    .bss.PolarFlag      ads1220.o
    0x2000010d   0x0800563c   0x00000003   PAD
    0x20000110        -       0x00000054   Zero   RW          112    .bss.hi2c1          main.o
    0x20000164        -       0x0000004c   Zero   RW          109    .bss.htim1          main.o
    0x200001b0        -       0x0000004c   Zero   RW          110    .bss.htim14         main.o
    0x200001fc        -       0x0000004c   Zero   RW          113    .bss.htim3          main.o
    0x20000248        -       0x00000200   Zero   RW         1090    .bss.low_data       pa.lib(pa.o)
    0x20000448        -       0x00000018   Zero   RW          354    .bss.pFlash         stm32c0xx_hal_flash.o
    0x20000460        -       0x00000080   Zero   RW          108    .bss.pa_result      main.o
    0x200004e0        -       0x00000800   Zero   RW          106    .bss.raw_dat        main.o
    0x20000ce0        -       0x00000001   Zero   RW           23    .bss.recvData       iousart.o
    0x20000ce1   0x0800563c   0x00000003   PAD
    0x20000ce4        -       0x00000040   Zero   RW          104    .bss.rxData         main.o
    0x20000d24        -       0x00000080   Zero   RW          107    .bss.usart_txBuff   main.o
    0x20000da4        -       0x00000004   Zero   RW          226    .bss.uwTick         stm32c0xx_hal.o
    0x20000da8        -       0x00000200   Zero   RW            2    HEAP                startup_stm32c011xx.o
    0x20000fa8        -       0x00000400   Zero   RW            1    STACK               startup_stm32c011xx.o


==============================================================================

Image component sizes


      Code (inc. data)   RO Data    RW Data    ZI Data      Debug   Object Name

      1066         20          0          0          5       5611   ads1220.o
       676         40          0          1          1       7041   iousart.o
      2952        276         32          0       2770      22473   main.o
        56         26        192          0       1536        644   startup_stm32c011xx.o
       124         12          0          8          4       6812   stm32c0xx_hal.o
       132         24          0          0          0       6509   stm32c0xx_hal_cortex.o
       130          8          0          0          0       9296   stm32c0xx_hal_dma.o
       228         36          0          0         24       8749   stm32c0xx_hal_flash.o
       548         24          0          0          0       7746   stm32c0xx_hal_flash_ex.o
       476         24          0          0          0       5003   stm32c0xx_hal_gpio.o
      2634         52          0          0          0      66697   stm32c0xx_hal_i2c.o
       132          0          0          0          0       6062   stm32c0xx_hal_i2c_ex.o
       316         20          0          0          0       8674   stm32c0xx_hal_msp.o
      1040         44          0          0          0       7546   stm32c0xx_hal_rcc.o
       300          8          0          0          0       4874   stm32c0xx_hal_rcc_ex.o
      1168         44          0          0          0      69812   stm32c0xx_hal_tim.o
        94          0          0          0          0      27104   stm32c0xx_hal_tim_ex.o
        96         12          0          0          0       2706   stm32c0xx_it.o
        16          4         64          4          0       1944   system_stm32c0xx.o

    ----------------------------------------------------------------------
     12202        674        320         16       4348     275303   Object Totals
         0          0         32          0          0          0   (incl. Generated)
        18          0          0          3          8          0   (incl. Padding)

    ----------------------------------------------------------------------

      Code (inc. data)   RO Data    RW Data    ZI Data      Debug   Library Member Name

         8          0          0          0          0         68   __main.o
       392          6         17          0          0         76   __printf_flags_ss_wp.o
        14          0          0          0          0         60   __printf_wp.o
         0          0          0          0          0          0   __rtentry.o
        12          0          0          0          0          0   __rtentry2.o
         6          0          0          0          0          0   __rtentry4.o
        86         10          0          0          0          0   __scatter.o
        26          0          0          0          0          0   __scatter_copy.o
        28          0          0          0          0          0   __scatter_zi.o
        66          0          0          0          0         76   _c16rtomb.o
        10          0          0          0          0          0   _printf_a.o
        10          0          0          0          0          0   _printf_c.o
        46          0          0          0          0        100   _printf_char.o
        48          6          0          0          0         88   _printf_char_common.o
        38          0          0          0          0         60   _printf_charcount.o
        10          0          0          0          0          0   _printf_d.o
       108         18          0          0          0         76   _printf_dec.o
        10          0          0          0          0          0   _printf_e.o
        10          0          0          0          0          0   _printf_f.o
      1044         12          0          0          0        116   _printf_fp_dec.o
       728         10         38          0          0         84   _printf_fp_hex.o
       136         16          0          0          0         76   _printf_fp_infnan.o
        10          0          0          0          0          0   _printf_g.o
       152          4         40          0          0        148   _printf_hex_int_ll_ptr.o
        10          0          0          0          0          0   _printf_i.o
       176          0          0          0          0         84   _printf_intcommon.o
        10          0          0          0          0          0   _printf_l.o
        10          0          0          0          0          0   _printf_lc.o
        10          0          0          0          0          0   _printf_ll.o
        10          0          0          0          0          0   _printf_lld.o
        10          0          0          0          0          0   _printf_lli.o
        10          0          0          0          0          0   _printf_llo.o
        10          0          0          0          0          0   _printf_llu.o
        10          0          0          0          0          0   _printf_llx.o
       112         18          0          0          0         76   _printf_longlong_dec.o
        10          0          0          0          0          0   _printf_ls.o
        10          0          0          0          0          0   _printf_n.o
        10          0          0          0          0          0   _printf_o.o
       112         10          0          0          0        112   _printf_oct_int_ll.o
        10          0          0          0          0          0   _printf_p.o
        78          0          0          0          0        100   _printf_pad.o
         2          0          0          0          0          0   _printf_percent.o
         4          0          0          0          0          0   _printf_percent_end.o
        10          0          0          0          0          0   _printf_s.o
        82          0          0          0          0         72   _printf_str.o
        36          0          0          0          0         76   _printf_truncate.o
        10          0          0          0          0          0   _printf_u.o
        46          0          0          0          0        100   _printf_wchar.o
       188          6          8          0          0         80   _printf_wctomb.o
        10          0          0          0          0          0   _printf_x.o
        10          0          0          0          0         60   _sputc.o
      1006          4          0          0          0        184   aeabi_sdivfast.o
       216          6        148          0          0         80   bigflt0.o
      1456         30          0          0          0        336   btod.o
        16          0          0          0          0         68   exit.o
         6          0          0          0          0        136   heapauxi.o
         0          0          0          0          0          0   indicate_semi.o
        44         10        272          0          0         76   lc_ctype_c.o
        44         10         28          0          0         76   lc_numeric_c.o
         2          0          0          0          0          0   libinit.o
        30          0          0          0          0          0   libinit2.o
         2          0          0          0          0          0   libshutdown.o
         2          0          0          0          0          0   libshutdown2.o
         8          4          0          0         96         68   libspace.o
       122          0          0          0          0         72   lludiv10.o
        16          4          0          0          0         76   rt_ctype_table.o
         8          4          0          0          0         68   rt_locale_intlibspace.o
        64          0          0          0          0        108   rt_memclr.o
        56          0          0          0          0         68   rt_memcpy.o
         2          0          0          0          0          0   rtexit.o
        10          0          0          0          0          0   rtexit2.o
        40          0          0          0          0         60   rtudiv10.o
       176          4          0          0          0         80   strcmpv6m.o
        68          6          0          0          0         72   strlen.o
        12          4          0          0          0         60   sys_exit.o
        62          0          0          0          0         80   sys_stackheap_outer.o
         2          0          0          0          0         68   use_no_semi.o
        36          4          0          0          0         68   vsprintf.o
        16          4          0          0          0         76   printf1.o
        16          4          0          0          0         76   printf2.o
         0          0          0          0          0          0   usenofp.o
        44          4          0          0          0         60   fpclassify.o
      1376         24          0          4        564       4201   pa.o

    ----------------------------------------------------------------------
      8978        242        552          4        664       8105   Library Totals
        16          0          1          0          4          0   (incl. Padding)

    ----------------------------------------------------------------------

      Code (inc. data)   RO Data    RW Data    ZI Data      Debug   Library Name

      7510        206        551          0         96       3692   c_p.l
        32          8          0          0          0        152   fz_ps.l
        44          4          0          0          0         60   m_ps.l
      1376         24          0          4        564       4201   pa.lib

    ----------------------------------------------------------------------
      8978        242        552          4        664       8105   Library Totals

    ----------------------------------------------------------------------

==============================================================================


      Code (inc. data)   RO Data    RW Data    ZI Data      Debug   

     21180        916        872         20       5012     281228   Grand Totals
     21180        916        872         20       5012     281228   ELF Image Totals
     21180        916        872         20          0          0   ROM Totals

==============================================================================

    Total RO  Size (Code + RO Data)                22052 (  21.54kB)
    Total RW  Size (RW Data + ZI Data)              5032 (   4.91kB)
    Total ROM Size (Code + RO Data + RW Data)      22072 (  21.55kB)

==============================================================================

